Component: ARM Compiler 5.05 update 1 (build 106) Tool: armlink [4d0efa]

==============================================================================

Section Cross References

    app.o(.text) refers to os_time.o(.text) for OSTimeDlyHMSM
    app.o(.text) refers to os_task.o(.text) for OSTaskStkChk
    app.o(.text) refers to os_core.o(.text) for OSStatInit
    app.o(.text) refers to led.o(.text) for LED_Configuration
    app.o(.text) refers to app.o(.bss) for StackBytes
    app.o(.text) refers to serial_cmd.o(.text) for DealSerial_Command
    app.o(.text) refers to getcommend.o(.text) for GetSerial_Command
    app.o(.text) refers to dgus.o(.text) for Dugs
    app.o(.text) refers to beionfluid_s60.o(.text) for Levi2043e
    app.o(.text) refers to fatfs.o(.text) for fatfs_test
    serial_cmd.o(.text) refers to usart.o(.text) for comSendBuf
    serial_cmd.o(.text) refers to usart.o(.bss) for Uart1_command
    serial_cmd.o(.text) refers to serial_cmd.o(.constdata) for .constdata
    serial_cmd.o(.text) refers to dgus.o(.bss) for model_1006
    serial_cmd.o(.text) refers to gps.o(.text) for gps_extract_field
    serial_cmd.o(.text) refers to atof.o(i.__hardfp_atof) for __hardfp_atof
    serial_cmd.o(.text) refers to d2f.o(.text) for __aeabi_d2f
    serial_cmd.o(.text) refers to strcmp.o(.text) for strcmp
    serial_cmd.o(.text) refers to f2d.o(.text) for __aeabi_f2d
    serial_cmd.o(.text) refers to printfa.o(i.__0printf) for __2printf
    serial_cmd.o(.text) refers to stm32f4xx_gpio.o(.text) for GPIO_SetBits
    serial_cmd.o(.text) refers to time.o(.text) for Time2_freq
    serial_cmd.o(.text) refers to stm32f4xx_tim.o(.text) for TIM_Cmd
    serial_cmd.o(.text) refers to serial_cmd.o(.bss) for Alic1
    serial_cmd.o(.text) refers to filter.o(.text) for even_filter_float
    serial_cmd.o(.text) refers to strcpy.o(.text) for strcpy
    serial_cmd.o(.text) refers to rs485.o(.text) for Rs485_Init
    serial_cmd.o(.text) refers to os_time.o(.text) for OSTimeDlyHMSM
    serial_cmd.o(.text) refers to moter.o(.text) for MODS_Poll
    serial_cmd.o(.text) refers to ry_wsy301.o(.text) for get_thermo_hygro_barograph
    serial_cmd.o(.text) refers to filter.o(.bss) for Alicat_filter1
    serial_cmd.o(.text) refers to beionfluid_s60.o(.data) for levi_2043e
    serial_cmd.o(.text) refers to serial_cmd.o(.data) for command_sendtime
    crc.o(.text) refers to crc.o(.data) for auchCRCHi
    main.o(.text) refers to bsp_global.o(.text) for BSP_Init
    main.o(.text) refers to os_core.o(.text) for OSInit
    main.o(.text) refers to os_task.o(.text) for OSTaskCreate
    main.o(.text) refers to os_time.o(.text) for OSTimeSet
    main.o(.text) refers to main.o(.bss) for startup_task_stk
    main.o(.text) refers to app.o(.text) for Task_Start
    filter.o(.text) refers to filter.o(.bss) for Temperature_filter1_data
    temperature.o(.text) refers to spi.o(.text) for SPI2_Write_Max31865_1
    temperature.o(.text) refers to time.o(.text) for Time3_Init
    temperature.o(.text) refers to filter.o(.text) for filter_init
    temperature.o(.text) refers to os_time.o(.text) for OSTimeDlyHMSM
    temperature.o(.text) refers to stm32f4xx_gpio.o(.text) for GPIO_ReadInputDataBit
    temperature.o(.text) refers to temperature.o(.data) for R_data
    temperature.o(.text) refers to filter.o(.bss) for Temperature_filter1
    temperature.o(.text) refers to dgus.o(.bss) for model4001
    temperature.o(.text) refers to temperature.o(.bss) for Temp_70
    moter.o(.text) refers to memcpya.o(.text) for __aeabi_memcpy
    moter.o(.text) refers to usart.o(.text) for comSendBuf
    moter.o(.text) refers to moter.o(.data) for HexFloat
    moter.o(.text) refers to moter.o(.constdata) for s_CRCHi
    moter.o(.text) refers to moter.o(.bss) for g_tModS
    moter.o(.text) refers to dgus.o(.bss) for model_1006
    moter.o(.text) refers to time.o(.text) for bsp_StartHardTimer
    fatfs.o(.text) refers to spi_sd_driver.o(.text) for SPI_Configuration
    fatfs.o(.text) refers to stm32f4xx_gpio.o(.text) for GPIO_ResetBits
    fatfs.o(.text) refers to usbh_core.o(.text) for USBH_Init
    fatfs.o(.text) refers to os_time.o(.text) for OSTimeDlyHMSM
    fatfs.o(.text) refers to printfa.o(i.__0printf) for __2printf
    fatfs.o(.text) refers to ff.o(.text) for f_mount
    fatfs.o(.text) refers to dgus.o(.text) for Dugs_send_config
    fatfs.o(.text) refers to f2d.o(.text) for __aeabi_f2d
    fatfs.o(.text) refers to printfa.o(i.__0sprintf) for __2sprintf
    fatfs.o(.text) refers to usbh_usr.o(.data) for USR_cb
    fatfs.o(.text) refers to usbh_msc_core.o(.data) for USBH_MSC_cb
    fatfs.o(.text) refers to usbh_usr.o(.bss) for USB_Host
    fatfs.o(.text) refers to fatfs.o(.bss) for fs
    fatfs.o(.text) refers to fatfs.o(.data) for res_sd
    fatfs.o(.text) refers to dgus.o(.bss) for model_1006
    fatfs.o(.text) refers to ftl.o(.text) for FTL_Format
    fatfs.o(.text) refers to usart.o(.text) for comSendBuf
[...]
    TIM_TimeBaseInit                         0x08008f67   Thumb Code   104  stm32f4xx_tim.o(.text)
    TIM_TimeBaseStructInit                   0x08008fcf   Thumb Code    18  stm32f4xx_tim.o(.text)
    TIM_PrescalerConfig                      0x08008fe1   Thumb Code     6  stm32f4xx_tim.o(.text)
    TIM_CounterModeConfig                    0x08008fe7   Thumb Code    18  stm32f4xx_tim.o(.text)
    TIM_SetCounter                           0x08008ff9   Thumb Code     4  stm32f4xx_tim.o(.text)
    TIM_SetAutoreload                        0x08008ffd   Thumb Code     4  stm32f4xx_tim.o(.text)
    TIM_GetCounter                           0x08009001   Thumb Code     6  stm32f4xx_tim.o(.text)
    TIM_GetPrescaler                         0x08009007   Thumb Code     6  stm32f4xx_tim.o(.text)
    TIM_UpdateDisableConfig                  0x0800900d   Thumb Code    24  stm32f4xx_tim.o(.text)
    TIM_UpdateRequestConfig                  0x08009025   Thumb Code    24  stm32f4xx_tim.o(.text)
    TIM_ARRPreloadConfig                     0x0800903d   Thumb Code    24  stm32f4xx_tim.o(.text)
    TIM_SelectOnePulseMode                   0x08009055   Thumb Code    18  stm32f4xx_tim.o(.text)
    TIM_SetClockDivision                     0x08009067   Thumb Code    18  stm32f4xx_tim.o(.text)
    TIM_Cmd                                  0x08009079   Thumb Code    24  stm32f4xx_tim.o(.text)
    TIM_OC1Init                              0x08009091   Thumb Code   114  stm32f4xx_tim.o(.text)
    TIM_OC2Init                              0x08009103   Thumb Code   154  stm32f4xx_tim.o(.text)
    TIM_OC3Init                              0x0800919d   Thumb Code   204  stm32f4xx_tim.o(.text)
    TIM_OC4Init                              0x08009269   Thumb Code   112  stm32f4xx_tim.o(.text)
    TIM_OCStructInit                         0x080092d9   Thumb Code    20  stm32f4xx_tim.o(.text)
    TIM_SelectOCxM                           0x080092ed   Thumb Code    86  stm32f4xx_tim.o(.text)
    TIM_SetCompare1                          0x08009343   Thumb Code     4  stm32f4xx_tim.o(.text)
    TIM_SetCompare2                          0x08009347   Thumb Code     4  stm32f4xx_tim.o(.text)
    TIM_SetCompare3                          0x0800934b   Thumb Code     4  stm32f4xx_tim.o(.text)
    TIM_SetCompare4                          0x0800934f   Thumb Code     4  stm32f4xx_tim.o(.text)
    TIM_ForcedOC1Config                      0x08009353   Thumb Code    18  stm32f4xx_tim.o(.text)
    TIM_ForcedOC2Config                      0x08009365   Thumb Code    26  stm32f4xx_tim.o(.text)
    TIM_ForcedOC3Config                      0x0800937f   Thumb Code    18  stm32f4xx_tim.o(.text)
    TIM_ForcedOC4Config                      0x08009391   Thumb Code    26  stm32f4xx_tim.o(.text)
    TIM_OC1PreloadConfig                     0x080093ab   Thumb Code    18  stm32f4xx_tim.o(.text)
    TIM_OC2PreloadConfig                     0x080093bd   Thumb Code    26  stm32f4xx_tim.o(.text)
    TIM_OC3PreloadConfig                     0x080093d7   Thumb Code    18  stm32f4xx_tim.o(.text)
    TIM_OC4PreloadConfig                     0x080093e9   Thumb Code    26  stm32f4xx_tim.o(.text)
    TIM_OC1FastConfig                        0x08009403   Thumb Code    18  stm32f4xx_tim.o(.text)
    TIM_OC2FastConfig                        0x08009415   Thumb Code    26  stm32f4xx_tim.o(.text)
    TIM_OC3FastConfig                        0x0800942f   Thumb Code    18  stm32f4xx_tim.o(.text)
    TIM_OC4FastConfig                        0x08009441   Thumb Code    26  stm32f4xx_tim.o(.text)
    TIM_ClearOC1Ref                          0x0800945b   Thumb Code    18  stm32f4xx_tim.o(.text)
    TIM_ClearOC2Ref                          0x0800946d   Thumb Code    24  stm32f4xx_tim.o(.text)
    TIM_ClearOC3Ref                          0x08009485   Thumb Code    18  stm32f4xx_tim.o(.text)
    TIM_ClearOC4Ref                          0x08009497   Thumb Code    24  stm32f4xx_tim.o(.text)
    TIM_OC1PolarityConfig                    0x080094af   Thumb Code    18  stm32f4xx_tim.o(.text)
    TIM_OC1NPolarityConfig                   0x080094c1   Thumb Code    18  stm32f4xx_tim.o(.text)
    TIM_OC2PolarityConfig                    0x080094d3   Thumb Code    26  stm32f4xx_tim.o(.text)
    TIM_OC2NPolarityConfig                   0x080094ed   Thumb Code    26  stm32f4xx_tim.o(.text)
    TIM_OC3PolarityConfig                    0x08009507   Thumb Code    26  stm32f4xx_tim.o(.text)
    TIM_OC3NPolarityConfig                   0x08009521   Thumb Code    26  stm32f4xx_tim.o(.text)
    TIM_OC4PolarityConfig                    0x0800953b   Thumb Code    26  stm32f4xx_tim.o(.text)
    TIM_CCxCmd                               0x08009555   Thumb Code    30  stm32f4xx_tim.o(.text)
    TIM_CCxNCmd                              0x08009573   Thumb Code    30  stm32f4xx_tim.o(.text)
    TIM_SetIC4Prescaler                      0x08009591   Thumb Code    26  stm32f4xx_tim.o(.text)
    TIM_SetIC3Prescaler                      0x080095fb   Thumb Code    18  stm32f4xx_tim.o(.text)
    TIM_SetIC2Prescaler                      0x08009655   Thumb Code    26  stm32f4xx_tim.o(.text)
    TIM_SetIC1Prescaler                      0x080096c9   Thumb Code    18  stm32f4xx_tim.o(.text)
    TIM_ICInit                               0x08009715   Thumb Code   110  stm32f4xx_tim.o(.text)
    TIM_ICStructInit                         0x08009783   Thumb Code    18  stm32f4xx_tim.o(.text)
    TIM_PWMIConfig                           0x08009795   Thumb Code   124  stm32f4xx_tim.o(.text)
    TIM_GetCapture1                          0x08009811   Thumb Code     6  stm32f4xx_tim.o(.text)
    TIM_GetCapture2                          0x08009817   Thumb Code     6  stm32f4xx_tim.o(.text)
    TIM_GetCapture3                          0x0800981d   Thumb Code     6  stm32f4xx_tim.o(.text)
    TIM_GetCapture4                          0x08009823   Thumb Code     6  stm32f4xx_tim.o(.text)
    TIM_BDTRConfig                           0x08009829   Thumb Code    32  stm32f4xx_tim.o(.text)
    TIM_BDTRStructInit                       0x08009849   Thumb Code    18  stm32f4xx_tim.o(.text)
    TIM_CtrlPWMOutputs                       0x0800985b   Thumb Code    30  stm32f4xx_tim.o(.text)
    TIM_SelectCOM                            0x08009879   Thumb Code    24  stm32f4xx_tim.o(.text)
    TIM_CCPreloadControl                     0x08009891   Thumb Code    24  stm32f4xx_tim.o(.text)
    TIM_ITConfig                             0x080098a9   Thumb Code    18  stm32f4xx_tim.o(.text)
    TIM_GenerateEvent                        0x080098bb   Thumb Code     4  stm32f4xx_tim.o(.text)
    TIM_GetFlagStatus                        0x080098bf   Thumb Code    18  stm32f4xx_tim.o(.text)
    TIM_ClearFlag                            0x080098d1   Thumb Code     6  stm32f4xx_tim.o(.text)
    TIM_GetITStatus                          0x080098d7   Thumb Code    34  stm32f4xx_tim.o(.text)
    TIM_ClearITPendingBit                    0x080098f9   Thumb Code     6  stm32f4xx_tim.o(.text)
    TIM_DMAConfig                            0x080098ff   Thumb Code    10  stm32f4xx_tim.o(.text)
    TIM_DMACmd                               0x08009909   Thumb Code    18  stm32f4xx_tim.o(.text)
    TIM_SelectCCDMA                          0x0800991b   Thumb Code    24  stm32f4xx_tim.o(.text)
    TIM_InternalClockConfig                  0x08009933   Thumb Code    12  stm32f4xx_tim.o(.text)
    TIM_SelectInputTrigger                   0x0800993f   Thumb Code    18  stm32f4xx_tim.o(.text)
    TIM_ITRxExternalClockConfig              0x08009951   Thumb Code    24  stm32f4xx_tim.o(.text)
    TIM_TIxExternalClockConfig               0x08009969   Thumb Code    62  stm32f4xx_tim.o(.text)
    TIM_ETRConfig                            0x080099a7   Thumb Code    28  stm32f4xx_tim.o(.text)
    TIM_ETRClockMode1Config                  0x080099c3   Thumb Code    54  stm32f4xx_tim.o(.text)
    TIM_ETRClockMode2Config                  0x080099f9   Thumb Code    32  stm32f4xx_tim.o(.text)
    TIM_SelectOutputTrigger                  0x08009a19   Thumb Code    18  stm32f4xx_tim.o(.text)
    TIM_SelectSlaveMode                      0x08009a2b   Thumb Code    18  stm32f4xx_tim.o(.text)
    TIM_SelectMasterSlaveMode                0x08009a3d   Thumb Code    18  stm32f4xx_tim.o(.text)
    TIM_EncoderInterfaceConfig               0x08009a4f   Thumb Code    66  stm32f4xx_tim.o(.text)
    TIM_SelectHallSensor                     0x08009a91   Thumb Code    24  stm32f4xx_tim.o(.text)
    TIM_RemapConfig                          0x08009aa9   Thumb Code     6  stm32f4xx_tim.o(.text)
    USART_DeInit                             0x08009ab1   Thumb Code   156  stm32f4xx_usart.o(.text)
    USART_Init                               0x08009b4d   Thumb Code   204  stm32f4xx_usart.o(.text)
    USART_StructInit                         0x08009c19   Thumb Code    24  stm32f4xx_usart.o(.text)
    USART_ClockInit                          0x08009c31   Thumb Code    32  stm32f4xx_usart.o(.text)
    USART_ClockStructInit                    0x08009c51   Thumb Code    12  stm32f4xx_usart.o(.text)
    USART_Cmd                                0x08009c5d   Thumb Code    24  stm32f4xx_usart.o(.text)
    USART_SetPrescaler                       0x08009c75   Thumb Code    16  stm32f4xx_usart.o(.text)
    USART_OverSampling8Cmd                   0x08009c85   Thumb Code    22  stm32f4xx_usart.o(.text)
    USART_OneBitMethodCmd                    0x08009c9b   Thumb Code    24  stm32f4xx_usart.o(.text)
    USART_SendData                           0x08009cb3   Thumb Code     8  stm32f4xx_usart.o(.text)
    USART_ReceiveData                        0x08009cbb   Thumb Code    10  stm32f4xx_usart.o(.text)
    USART_SetAddress                         0x08009cc5   Thumb Code    18  stm32f4xx_usart.o(.text)
    USART_ReceiverWakeUpCmd                  0x08009cd7   Thumb Code    24  stm32f4xx_usart.o(.text)
    USART_WakeUpConfig                       0x08009cef   Thumb Code    18  stm32f4xx_usart.o(.text)
    USART_LINBreakDetectLengthConfig         0x08009d01   Thumb Code    18  stm32f4xx_usart.o(.text)
    USART_LINCmd                             0x08009d13   Thumb Code    24  stm32f4xx_usart.o(.text)
    USART_SendBreak                          0x08009d2b   Thumb Code    10  stm32f4xx_usart.o(.text)
    USART_HalfDuplexCmd                      0x08009d35   Thumb Code    24  stm32f4xx_usart.o(.text)
    USART_SetGuardTime                       0x08009d4d   Thumb Code    16  stm32f4xx_usart.o(.text)
    USART_SmartCardCmd                       0x08009d5d   Thumb Code    24  stm32f4xx_usart.o(.text)
    USART_SmartCardNACKCmd                   0x08009d75   Thumb Code    24  stm32f4xx_usart.o(.text)
    USART_IrDAConfig                         0x08009d8d   Thumb Code    18  stm32f4xx_usart.o(.text)
    USART_IrDACmd                            0x08009d9f   Thumb Code    24  stm32f4xx_usart.o(.text)
    USART_DMACmd                             0x08009db7   Thumb Code    18  stm32f4xx_usart.o(.text)
    USART_ITConfig                           0x08009dc9   Thumb Code    74  stm32f4xx_usart.o(.text)
    USART_GetFlagStatus                      0x08009e13   Thumb Code    26  stm32f4xx_usart.o(.text)
    USART_ClearFlag                          0x08009e2d   Thumb Code    18  stm32f4xx_usart.o(.text)
    USART_GetITStatus                        0x08009e3f   Thumb Code   110  stm32f4xx_usart.o(.text)
    USART_ClearITPendingBit                  0x08009ead   Thumb Code    30  stm32f4xx_usart.o(.text)
    Reset_Handler                            0x08009ecd   Thumb Code     8  startup_stm32f4xx.o(.text)
    ADC_IRQHandler                           0x08009ee7   Thumb Code     0  startup_stm32f4xx.o(.text)
    CAN1_RX0_IRQHandler                      0x08009ee7   Thumb Code     0  startup_stm32f4xx.o(.text)
    CAN1_RX1_IRQHandler                      0x08009ee7   Thumb Code     0  startup_stm32f4xx.o(.text)
    CAN1_SCE_IRQHandler                      0x08009ee7   Thumb Code     0  startup_stm32f4xx.o(.text)
    CAN1_TX_IRQHandler                       0x08009ee7   Thumb Code     0  startup_stm32f4xx.o(.text)
    CAN2_RX0_IRQHandler                      0x08009ee7   Thumb Code     0  startup_stm32f4xx.o(.text)
    CAN2_RX1_IRQHandler                      0x08009ee7   Thumb Code     0  startup_stm32f4xx.o(.text)
    CAN2_SCE_IRQHandler                      0x08009ee7   Thumb Code     0  startup_stm32f4xx.o(.text)
    CAN2_TX_IRQHandler                       0x08009ee7   Thumb Code     0  startup_stm32f4xx.o(.text)
    CRYP_IRQHandler                          0x08009ee7   Thumb Code     0  startup_stm32f4xx.o(.text)
    DCMI_IRQHandler                          0x08009ee7   Thumb Code     0  startup_stm32f4xx.o(.text)
    DMA1_Stream0_IRQHandler                  0x08009ee7   Thumb Code     0  startup_stm32f4xx.o(.text)
    DMA1_Stream1_IRQHandler                  0x08009ee7   Thumb Code     0  startup_stm32f4xx.o(.text)
    DMA1_Stream2_IRQHandler                  0x08009ee7   Thumb Code     0  startup_stm32f4xx.o(.text)
    DMA1_Stream3_IRQHandler                  0x08009ee7   Thumb Code     0  startup_stm32f4xx.o(.text)
    DMA1_Stream4_IRQHandler                  0x08009ee7   Thumb Code     0  startup_stm32f4xx.o(.text)
    DMA1_Stream5_IRQHandler                  0x08009ee7   Thumb Code     0  startup_stm32f4xx.o(.text)
    DMA1_Stream6_IRQHandler                  0x08009ee7   Thumb Code     0  startup_stm32f4xx.o(.text)
    DMA1_Stream7_IRQHandler                  0x08009ee7   Thumb Code     0  startup_stm32f4xx.o(.text)
    DMA2_Stream0_IRQHandler                  0x08009ee7   Thumb Code     0  startup_stm32f4xx.o(.text)
    DMA2_Stream1_IRQHandler                  0x08009ee7   Thumb Code     0  startup_stm32f4xx.o(.text)
    DMA2_Stream2_IRQHandler                  0x08009ee7   Thumb Code     0  startup_stm32f4xx.o(.text)
    DMA2_Stream3_IRQHandler                  0x08009ee7   Thumb Code     0  startup_stm32f4xx.o(.text)
    DMA2_Stream4_IRQHandler                  0x08009ee7   Thumb Code     0  startup_stm32f4xx.o(.text)
    DMA2_Stream5_IRQHandler                  0x08009ee7   Thumb Code     0  startup_stm32f4xx.o(.text)
    DMA2_Stream6_IRQHandler                  0x08009ee7   Thumb Code     0  startup_stm32f4xx.o(.text)
    DMA2_Stream7_IRQHandler                  0x08009ee7   Thumb Code     0  startup_stm32f4xx.o(.text)
    ETH_WKUP_IRQHandler                      0x08009ee7   Thumb Code     0  startup_stm32f4xx.o(.text)
    EXTI0_IRQHandler                         0x08009ee7   Thumb Code     0  startup_stm32f4xx.o(.text)
    EXTI1_IRQHandler                         0x08009ee7   Thumb Code     0  startup_stm32f4xx.o(.text)
    EXTI2_IRQHandler                         0x08009ee7   Thumb Code     0  startup_stm32f4xx.o(.text)
    EXTI3_IRQHandler                         0x08009ee7   Thumb Code     0  startup_stm32f4xx.o(.text)
    EXTI4_IRQHandler                         0x08009ee7   Thumb Code     0  startup_stm32f4xx.o(.text)
    FLASH_IRQHandler                         0x08009ee7   Thumb Code     0  startup_stm32f4xx.o(.text)
    FPU_IRQHandler                           0x08009ee7   Thumb Code     0  startup_stm32f4xx.o(.text)
    FSMC_IRQHandler                          0x08009ee7   Thumb Code     0  startup_stm32f4xx.o(.text)
    HASH_RNG_IRQHandler                      0x08009ee7   Thumb Code     0  startup_stm32f4xx.o(.text)
    I2C1_ER_IRQHandler                       0x08009ee7   Thumb Code     0  startup_stm32f4xx.o(.text)
    I2C1_EV_IRQHandler                       0x08009ee7   Thumb Code     0  startup_stm32f4xx.o(.text)
    I2C2_ER_IRQHandler                       0x08009ee7   Thumb Code     0  startup_stm32f4xx.o(.text)
    I2C2_EV_IRQHandler                       0x08009ee7   Thumb Code     0  startup_stm32f4xx.o(.text)
    I2C3_ER_IRQHandler                       0x08009ee7   Thumb Code     0  startup_stm32f4xx.o(.text)
    I2C3_EV_IRQHandler                       0x08009ee7   Thumb Code     0  startup_stm32f4xx.o(.text)
    OTG_FS_WKUP_IRQHandler                   0x08009ee7   Thumb Code     0  startup_stm32f4xx.o(.text)
    OTG_HS_EP1_IN_IRQHandler                 0x08009ee7   Thumb Code     0  startup_stm32f4xx.o(.text)
    OTG_HS_EP1_OUT_IRQHandler                0x08009ee7   Thumb Code     0  startup_stm32f4xx.o(.text)
    OTG_HS_IRQHandler                        0x08009ee7   Thumb Code     0  startup_stm32f4xx.o(.text)
    OTG_HS_WKUP_IRQHandler                   0x08009ee7   Thumb Code     0  startup_stm32f4xx.o(.text)
    PVD_IRQHandler                           0x08009ee7   Thumb Code     0  startup_stm32f4xx.o(.text)
    RCC_IRQHandler                           0x08009ee7   Thumb Code     0  startup_stm32f4xx.o(.text)
    RTC_Alarm_IRQHandler                     0x08009ee7   Thumb Code     0  startup_stm32f4xx.o(.text)
    RTC_WKUP_IRQHandler                      0x08009ee7   Thumb Code     0  startup_stm32f4xx.o(.text)
    SDIO_IRQHandler                          0x08009ee7   Thumb Code     0  startup_stm32f4xx.o(.text)
    SPI1_IRQHandler                          0x08009ee7   Thumb Code     0  startup_stm32f4xx.o(.text)
    SPI2_IRQHandler                          0x08009ee7   Thumb Code     0  startup_stm32f4xx.o(.text)
    SPI3_IRQHandler                          0x08009ee7   Thumb Code     0  startup_stm32f4xx.o(.text)
    TAMP_STAMP_IRQHandler                    0x08009ee7   Thumb Code     0  startup_stm32f4xx.o(.text)
    TIM1_BRK_TIM9_IRQHandler                 0x08009ee7   Thumb Code     0  startup_stm32f4xx.o(.text)
    TIM1_CC_IRQHandler                       0x08009ee7   Thumb Code     0  startup_stm32f4xx.o(.text)
    TIM1_TRG_COM_TIM11_IRQHandler            0x08009ee7   Thumb Code     0  startup_stm32f4xx.o(.text)
    TIM1_UP_TIM10_IRQHandler                 0x08009ee7   Thumb Code     0  startup_stm32f4xx.o(.text)
    TIM4_IRQHandler                          0x08009ee7   Thumb Code     0  startup_stm32f4xx.o(.text)
    TIM5_IRQHandler                          0x08009ee7   Thumb Code     0  startup_stm32f4xx.o(.text)
    TIM6_DAC_IRQHandler                      0x08009ee7   Thumb Code     0  startup_stm32f4xx.o(.text)
    TIM7_IRQHandler                          0x08009ee7   Thumb Code     0  startup_stm32f4xx.o(.text)
    TIM8_BRK_TIM12_IRQHandler                0x08009ee7   Thumb Code     0  startup_stm32f4xx.o(.text)
    TIM8_CC_IRQHandler                       0x08009ee7   Thumb Code     0  startup_stm32f4xx.o(.text)
    TIM8_TRG_COM_TIM14_IRQHandler            0x08009ee7   Thumb Code     0  startup_stm32f4xx.o(.text)
    TIM8_UP_TIM13_IRQHandler                 0x08009ee7   Thumb Code     0  startup_stm32f4xx.o(.text)
    UART5_IRQHandler                         0x08009ee7   Thumb Code     0  startup_stm32f4xx.o(.text)
    WWDG_IRQHandler                          0x08009ee7   Thumb Code     0  startup_stm32f4xx.o(.text)
    SystemInit                               0x08009fcd   Thumb Code    88  system_stm32f4xx.o(.text)
    SystemCoreClockUpdate                    0x0800a025   Thumb Code   174  system_stm32f4xx.o(.text)
    OS_StrLen                                0x0800a101   Thumb Code    20  os_core.o(.text)
    OSEventNameGet                           0x0800a115   Thumb Code    98  os_core.o(.text)
    OSEventNameSet                           0x0800a177   Thumb Code    84  os_core.o(.text)
    OS_EventTaskRemoveMulti                  0x0800a1cb   Thumb Code    58  os_core.o(.text)
    OS_Sched                                 0x0800a21f   Thumb Code    88  os_core.o(.text)
    OS_EventTaskWaitMulti                    0x0800a277   Thumb Code   136  os_core.o(.text)
    OSEventPendMulti                         0x0800a2ff   Thumb Code   712  os_core.o(.text)
    OS_TaskStatStkChk                        0x0800a5c7   Thumb Code    54  os_core.o(.text)
    OS_TaskStat                              0x0800a5fd   Thumb Code   114  os_core.o(.text)
    OS_TaskIdle                              0x0800a6a3   Thumb Code    32  os_core.o(.text)
    OS_MemClr                                0x0800a6f7   Thumb Code    18  os_core.o(.text)
    OSInit                                   0x0800a7e7   Thumb Code    48  os_core.o(.text)
    OSIntEnter                               0x0800a817   Thumb Code    44  os_core.o(.text)
    OSIntExit                                0x0800a843   Thumb Code   112  os_core.o(.text)
    OSSchedLock                              0x0800a8b3   Thumb Code    50  os_core.o(.text)
    OSSchedUnlock                            0x0800a8e5   Thumb Code   228  os_core.o(.text)
    OSStart                                  0x0800a9c9   Thumb Code    48  os_core.o(.text)
    OSStatInit                               0x0800a9f9   Thumb Code    62  os_core.o(.text)
    OSTimeTick                               0x0800aa37   Thumb Code   206  os_core.o(.text)
    OSVersion                                0x0800ab05   Thumb Code     6  os_core.o(.text)
    OS_Dummy                                 0x0800ab0b   Thumb Code     2  os_core.o(.text)
    OS_EventTaskRemove                       0x0800ab0d   Thumb Code    42  os_core.o(.text)
    OS_EventTaskRdy                          0x0800ab37   Thumb Code   128  os_core.o(.text)
    OS_EventTaskWait                         0x0800abb7   Thumb Code   112  os_core.o(.text)
    OS_EventWaitListInit                     0x0800ac27   Thumb Code    28  os_core.o(.text)
    OS_MemCopy                               0x0800ac43   Thumb Code    20  os_core.o(.text)
    OS_TCBInit                               0x0800ac57   Thumb Code   282  os_core.o(.text)
    OSFlagAccept                             0x0800adb5   Thumb Code   252  os_flag.o(.text)
    OSFlagCreate                             0x0800aeb1   Thumb Code    86  os_flag.o(.text)
    OS_FlagUnlink                            0x0800af07   Thumb Code    36  os_flag.o(.text)
    OSFlagDel                                0x0800af7d   Thumb Code   214  os_flag.o(.text)
    OSFlagNameGet                            0x0800b053   Thumb Code    80  os_flag.o(.text)
    OSFlagNameSet                            0x0800b0a3   Thumb Code    66  os_flag.o(.text)
    OSFlagPend                               0x0800b17d   Thumb Code   614  os_flag.o(.text)
    OSFlagPendGetFlagsRdy                    0x0800b3e3   Thumb Code    26  os_flag.o(.text)
    OSFlagPost                               0x0800b3fd   Thumb Code   312  os_flag.o(.text)
    OSFlagQuery                              0x0800b535   Thumb Code    48  os_flag.o(.text)
    OS_FlagInit                              0x0800b565   Thumb Code    64  os_flag.o(.text)
    OSMemCreate                              0x0800b5b1   Thumb Code   114  os_mem.o(.text)
    OSMemGet                                 0x0800b623   Thumb Code    62  os_mem.o(.text)
    OSMemNameGet                             0x0800b661   Thumb Code    60  os_mem.o(.text)
    OSMemNameSet                             0x0800b69d   Thumb Code    48  os_mem.o(.text)
    OSMemPut                                 0x0800b6cd   Thumb Code    54  os_mem.o(.text)
    OSMemQuery                               0x0800b703   Thumb Code    52  os_mem.o(.text)
    OS_MemInit                               0x0800b737   Thumb Code    60  os_mem.o(.text)
    OSQAccept                                0x0800b785   Thumb Code    88  os_q.o(.text)
    OSQCreate                                0x0800b7dd   Thumb Code   144  os_q.o(.text)
    OSQDel                                   0x0800b86d   Thumb Code   244  os_q.o(.text)
    OSQFlush                                 0x0800b961   Thumb Code    36  os_q.o(.text)
    OSQPend                                  0x0800b985   Thumb Code   278  os_q.o(.text)
    OSQPendAbort                             0x0800ba9b   Thumb Code   128  os_q.o(.text)
    OSQPost                                  0x0800bb1b   Thumb Code   114  os_q.o(.text)
    OSQPostFront                             0x0800bb8d   Thumb Code   142  os_q.o(.text)
    OSQPostOpt                               0x0800bc1b   Thumb Code   182  os_q.o(.text)
    OSQQuery                                 0x0800bcd1   Thumb Code    98  os_q.o(.text)
    OS_QInit                                 0x0800bd33   Thumb Code    46  os_q.o(.text)
    OSSemAccept                              0x0800bd69   Thumb Code    42  os_sem.o(.text)
    OSSemCreate                              0x0800bd93   Thumb Code    72  os_sem.o(.text)
    OSSemDel                                 0x0800bddb   Thumb Code   210  os_sem.o(.text)
    OSSemPend                                0x0800bead   Thumb Code   228  os_sem.o(.text)
    OSSemPendAbort                           0x0800bf91   Thumb Code   128  os_sem.o(.text)
    OSSemPost                                0x0800c011   Thumb Code    88  os_sem.o(.text)
    OSSemQuery                               0x0800c069   Thumb Code    82  os_sem.o(.text)
    OSSemSet                                 0x0800c0bb   Thumb Code    66  os_sem.o(.text)
    OSTaskChangePrio                         0x0800c111   Thumb Code   396  os_task.o(.text)
    OSTaskCreate                             0x0800c29d   Thumb Code   148  os_task.o(.text)
    OS_TaskStkClr                            0x0800c331   Thumb Code    26  os_task.o(.text)
    OSTaskCreateExt                          0x0800c34b   Thumb Code   170  os_task.o(.text)
    OSTaskDel                                0x0800c3f5   Thumb Code   352  os_task.o(.text)
    OSTaskDelReq                             0x0800c555   Thumb Code   100  os_task.o(.text)
    OSTaskNameGet                            0x0800c5b9   Thumb Code   114  os_task.o(.text)
    OSTaskNameSet                            0x0800c62b   Thumb Code    98  os_task.o(.text)
    OSTaskResume                             0x0800c68d   Thumb Code   154  os_task.o(.text)
    OSTaskStkChk                             0x0800c727   Thumb Code   132  os_task.o(.text)
    OSTaskSuspend                            0x0800c7ab   Thumb Code   152  os_task.o(.text)
    OSTaskQuery                              0x0800c843   Thumb Code    82  os_task.o(.text)
    OSTaskRegGet                             0x0800c895   Thumb Code    60  os_task.o(.text)
    OSTaskRegSet                             0x0800c8d1   Thumb Code    62  os_task.o(.text)
    OS_TaskReturn                            0x0800c90f   Thumb Code    18  os_task.o(.text)
    OSTimeDly                                0x0800c939   Thumb Code    92  os_time.o(.text)
    OSTimeDlyHMSM                            0x0800c995   Thumb Code    76  os_time.o(.text)
    OSTimeDlyResume                          0x0800c9e1   Thumb Code   168  os_time.o(.text)
    OSTimeGet                                0x0800ca89   Thumb Code    24  os_time.o(.text)
    OSTimeSet                                0x0800caa1   Thumb Code    24  os_time.o(.text)
    OSInitHookBegin                          0x0800cad1   Thumb Code     8  os_cpu_c.o(.text)
    OSInitHookEnd                            0x0800cad9   Thumb Code     8  os_cpu_c.o(.text)
    OSTaskCreateHook                         0x0800cae1   Thumb Code     2  os_cpu_c.o(.text)
    OSTaskDelHook                            0x0800cae3   Thumb Code     2  os_cpu_c.o(.text)
    OSTaskIdleHook                           0x0800cae5   Thumb Code     2  os_cpu_c.o(.text)
    OSTaskReturnHook                         0x0800cae7   Thumb Code     2  os_cpu_c.o(.text)
    OSTaskStatHook                           0x0800cae9   Thumb Code     2  os_cpu_c.o(.text)
    OSTaskStkInit                            0x0800caeb   Thumb Code   210  os_cpu_c.o(.text)
    OSTaskSwHook                             0x0800cbbd   Thumb Code     2  os_cpu_c.o(.text)
    OSTCBInitHook                            0x0800cbbf   Thumb Code     2  os_cpu_c.o(.text)
    OS_CPU_SysTickHandler                    0x0800cbc1   Thumb Code    34  os_cpu_c.o(.text)
    OS_CPU_SysTickInit                       0x0800cbe3   Thumb Code    42  os_cpu_c.o(.text)
    OS_CPU_SR_Save                           0x0800cc19   Thumb Code     0  os_cpu_a.o(.text)
    OS_CPU_SR_Restore                        0x0800cc21   Thumb Code     0  os_cpu_a.o(.text)
    OSStartHighRdy                           0x0800cc27   Thumb Code     0  os_cpu_a.o(.text)
    OSCtxSw                                  0x0800cc47   Thumb Code     0  os_cpu_a.o(.text)
    OSIntCtxSw                               0x0800cc51   Thumb Code     0  os_cpu_a.o(.text)
    OS_CPU_PendSVHandler                     0x0800cc5b   Thumb Code     0  os_cpu_a.o(.text)
    CPU_IntDisable                           0x0800ccb5   Thumb Code     0  os_cpu_a.o(.text)
    CPU_IntEnable                            0x0800ccb9   Thumb Code     0  os_cpu_a.o(.text)
    disk_initialize                          0x0800ccdd   Thumb Code    74  diskio.o(.text)
    disk_status                              0x0800cd27   Thumb Code    42  diskio.o(.text)
    disk_read                                0x0800cd51   Thumb Code   114  diskio.o(.text)
    disk_write                               0x0800cdc3   Thumb Code   100  diskio.o(.text)
    disk_ioctl                               0x0800ce27   Thumb Code   238  diskio.o(.text)
    get_fattime                              0x0800cf15   Thumb Code    62  diskio.o(.text)
    SPI_Configuration                        0x0800cf65   Thumb Code   242  spi_sd_driver.o(.text)
    SPI_SetSpeed                             0x0800d057   Thumb Code   100  spi_sd_driver.o(.text)
    SPI_ReadWriteByte                        0x0800d0bb   Thumb Code    54  spi_sd_driver.o(.text)
    SD_WaitReady                             0x0800d0f1   Thumb Code    34  spi_sd_driver.o(.text)
    SD_SendCommand                           0x0800d113   Thumb Code   112  spi_sd_driver.o(.text)
    SD_SendCommand_NoDeassert                0x0800d183   Thumb Code   100  spi_sd_driver.o(.text)
    SD_IO_Configuration                      0x0800d1e7   Thumb Code    72  spi_sd_driver.o(.text)
    SD_Init                                  0x0800d22f   Thumb Code   532  spi_sd_driver.o(.text)
    SD_ReceiveData                           0x0800d443   Thumb Code   118  spi_sd_driver.o(.text)
    SD_GetCID                                0x0800d4b9   Thumb Code    36  spi_sd_driver.o(.text)
    SD_GetCSD                                0x0800d4dd   Thumb Code    36  spi_sd_driver.o(.text)
    SD_GetCapacity                           0x0800d501   Thumb Code   170  spi_sd_driver.o(.text)
    SD_ReadSingleBlock                       0x0800d5ab   Thumb Code    62  spi_sd_driver.o(.text)
    SD_WriteSingleBlock                      0x0800d5e9   Thumb Code   200  spi_sd_driver.o(.text)
    SD_ReadMultiBlock                        0x0800d6b1   Thumb Code   112  spi_sd_driver.o(.text)
    SD_WriteMultiBlock                       0x0800d721   Thumb Code   238  spi_sd_driver.o(.text)
    clust2sect                               0x0800dbbb   Thumb Code    26  ff.o(.text)
    get_fat                                  0x0800dbd5   Thumb Code   232  ff.o(.text)
    put_fat                                  0x0800dcbd   Thumb Code   310  ff.o(.text)
    gen_numname                              0x0800e2cf   Thumb Code   190  ff.o(.text)
    f_mount                                  0x0800f027   Thumb Code    48  ff.o(.text)
    f_open                                   0x0800f057   Thumb Code   416  ff.o(.text)
    f_read                                   0x0800f1f7   Thumb Code   460  ff.o(.text)
    f_write                                  0x0800f3c3   Thumb Code   530  ff.o(.text)
    f_sync                                   0x0800f5d5   Thumb Code   176  ff.o(.text)
    f_close                                  0x0800f685   Thumb Code    32  ff.o(.text)
    f_chdrive                                0x0800f6a5   Thumb Code    18  ff.o(.text)
    f_chdir                                  0x0800f6b7   Thumb Code    92  ff.o(.text)
    f_getcwd                                 0x0800f713   Thumb Code   314  ff.o(.text)
    f_lseek                                  0x0800f84d   Thumb Code   430  ff.o(.text)
    f_opendir                                0x0800f9fb   Thumb Code   120  ff.o(.text)
    f_readdir                                0x0800fa73   Thumb Code   104  ff.o(.text)
    f_stat                                   0x0800fadb   Thumb Code    66  ff.o(.text)
    f_getfree                                0x0800fb1d   Thumb Code   260  ff.o(.text)
    f_truncate                               0x0800fc21   Thumb Code   154  ff.o(.text)
    f_unlink                                 0x0800fcbb   Thumb Code   210  ff.o(.text)
    f_mkdir                                  0x0800fd8d   Thumb Code   372  ff.o(.text)
    f_chmod                                  0x0800ff01   Thumb Code   104  ff.o(.text)
    f_utime                                  0x0800ff69   Thumb Code   106  ff.o(.text)
    f_rename                                 0x0800ffd3   Thumb Code   308  ff.o(.text)
    f_mkfs                                   0x08010107   Thumb Code  1584  ff.o(.text)
    f_gets                                   0x08010737   Thumb Code    86  ff.o(.text)
    f_putc                                   0x0801078d   Thumb Code    50  ff.o(.text)
    f_puts                                   0x080107bf   Thumb Code    42  ff.o(.text)
    f_printf                                 0x080107e9   Thumb Code   698  ff.o(.text)
    ff_convert                               0x08010aa5   Thumb Code   116  cc936.o(.text)
    ff_wtoupper                              0x08010b19   Thumb Code    46  cc936.o(.text)
    USBH_MSC_TestUnitReady                   0x08010b59   Thumb Code   162  usbh_msc_scsi.o(.text)
    USBH_MSC_ReadCapacity10                  0x08010bfb   Thumb Code   202  usbh_msc_scsi.o(.text)
    USBH_MSC_ModeSense6                      0x08010cc5   Thumb Code   192  usbh_msc_scsi.o(.text)
    USBH_MSC_RequestSense                    0x08010d85   Thumb Code   208  usbh_msc_scsi.o(.text)
    USBH_MSC_Write10                         0x08010e55   Thumb Code   218  usbh_msc_scsi.o(.text)
    USBH_MSC_Read10                          0x08010f2f   Thumb Code   272  usbh_msc_scsi.o(.text)
    USBH_MSC_ErrorHandle                     0x0801116d   Thumb Code    58  usbh_msc_core.o(.text)
    USBH_MSC_Init                            0x08011399   Thumb Code    44  usbh_msc_bot.o(.text)
    USBH_MSC_BOT_Abort                       0x080113c5   Thumb Code    86  usbh_msc_bot.o(.text)
    USBH_MSC_DecodeCSW                       0x0801141b   Thumb Code   108  usbh_msc_bot.o(.text)
    USBH_MSC_HandleBOTXfer                   0x08011487   Thumb Code   866  usbh_msc_bot.o(.text)
    USBH_GetDescriptor                       0x08011845   Thumb Code    68  usbh_stdreq.o(.text)
    USBH_Get_DevDesc                         0x08011889   Thumb Code    56  usbh_stdreq.o(.text)
    USBH_GetNextDesc                         0x08011907   Thumb Code    18  usbh_stdreq.o(.text)
    USBH_Get_CfgDesc                         0x08011a2b   Thumb Code    88  usbh_stdreq.o(.text)
    USBH_Get_StringDesc                      0x08011ab9   Thumb Code    60  usbh_stdreq.o(.text)
    USBH_SetAddress                          0x08011af5   Thumb Code    38  usbh_stdreq.o(.text)
    USBH_SetCfg                              0x08011b1b   Thumb Code    38  usbh_stdreq.o(.text)
    USBH_SetInterface                        0x08011b41   Thumb Code    44  usbh_stdreq.o(.text)
    USBH_ClrFeature                          0x08011b6d   Thumb Code    76  usbh_stdreq.o(.text)
    USBH_CtlReq                              0x08011bdd   Thumb Code   100  usbh_ioreq.o(.text)
    USBH_CtlSendSetup                        0x08011c41   Thumb Code    66  usbh_ioreq.o(.text)
    USBH_CtlSendData                         0x08011c83   Thumb Code   110  usbh_ioreq.o(.text)
    USBH_CtlReceiveData                      0x08011cf1   Thumb Code    70  usbh_ioreq.o(.text)
    USBH_BulkSendData                        0x08011d37   Thumb Code    94  usbh_ioreq.o(.text)
    USBH_BulkReceiveData                     0x08011d95   Thumb Code    96  usbh_ioreq.o(.text)
    USBH_InterruptReceiveData                0x08011df5   Thumb Code   120  usbh_ioreq.o(.text)
    USBH_InterruptSendData                   0x08011e6d   Thumb Code   118  usbh_ioreq.o(.text)
    USBH_IsocReceiveData                     0x08011ee3   Thumb Code    70  usbh_ioreq.o(.text)
    USBH_IsocSendData                        0x08011f29   Thumb Code    68  usbh_ioreq.o(.text)
    USBH_Open_Channel                        0x08011f6d   Thumb Code   154  usbh_hcs.o(.text)
    USBH_Modify_Channel                      0x08012007   Thumb Code   100  usbh_hcs.o(.text)
    USBH_Alloc_Channel                       0x08012093   Thumb Code    38  usbh_hcs.o(.text)
    USBH_Free_Channel                        0x080120b9   Thumb Code    30  usbh_hcs.o(.text)
    USBH_DeAllocate_AllChannel               0x080120d7   Thumb Code    28  usbh_hcs.o(.text)
    USBH_Connected                           0x080120f5   Thumb Code    12  usbh_core.o(.text)
    USBH_Disconnected                        0x08012101   Thumb Code    12  usbh_core.o(.text)
    USBH_SOF                                 0x0801210d   Thumb Code     6  usbh_core.o(.text)
    USBH_DeInit                              0x08012113   Thumb Code    58  usbh_core.o(.text)
    USBH_Init                                0x0801214d   Thumb Code    68  usbh_core.o(.text)
    USBH_HandleControl                       0x08012191   Thumb Code   544  usbh_core.o(.text)
    USBH_ErrorHandle                         0x080123b1   Thumb Code    46  usbh_core.o(.text)
    USBH_Process                             0x080125b7   Thumb Code   420  usbh_core.o(.text)
    USBH_OTG_ISR_Handler                     0x08013523   Thumb Code   168  usb_hcd_int.o(.text)
    HCD_Init                                 0x080135d1   Thumb Code    96  usb_hcd.o(.text)
    HCD_GetCurrentSpeed                      0x08013631   Thumb Code    20  usb_hcd.o(.text)
    HCD_ResetPort                            0x08013645   Thumb Code    14  usb_hcd.o(.text)
    HCD_IsDeviceConnected                    0x08013653   Thumb Code     8  usb_hcd.o(.text)
    HCD_GetCurrentFrame                      0x0801365b   Thumb Code    10  usb_hcd.o(.text)
    HCD_GetURB_State                         0x08013665   Thumb Code    10  usb_hcd.o(.text)
    HCD_GetXferCnt                           0x0801366f   Thumb Code    12  usb_hcd.o(.text)
    HCD_GetHCState                           0x0801367b   Thumb Code    10  usb_hcd.o(.text)
    HCD_HC_Init                              0x08013685   Thumb Code    16  usb_hcd.o(.text)
    HCD_SubmitRequest                        0x08013695   Thumb Code    32  usb_hcd.o(.text)
    USB_OTG_WritePacket                      0x08013755   Thumb Code    64  usb_core.o(.text)
    USB_OTG_ReadPacket                       0x08013795   Thumb Code    40  usb_core.o(.text)
    USB_OTG_SelectCore                       0x080137bd   Thumb Code   204  usb_core.o(.text)
    USB_OTG_CoreInit                         0x08013889   Thumb Code   294  usb_core.o(.text)
    USB_OTG_EnableGlobalInt                  0x080139af   Thumb Code    34  usb_core.o(.text)
    USB_OTG_DisableGlobalInt                 0x080139d1   Thumb Code    34  usb_core.o(.text)
    USB_OTG_FlushTxFifo                      0x080139f3   Thumb Code    80  usb_core.o(.text)
    USB_OTG_FlushRxFifo                      0x08013a43   Thumb Code    70  usb_core.o(.text)
    USB_OTG_SetCurrentMode                   0x08013a89   Thumb Code    78  usb_core.o(.text)
    USB_OTG_GetMode                          0x08013ad7   Thumb Code    22  usb_core.o(.text)
    USB_OTG_IsDeviceMode                     0x08013aed   Thumb Code    22  usb_core.o(.text)
    USB_OTG_IsHostMode                       0x08013b03   Thumb Code    20  usb_core.o(.text)
    USB_OTG_ReadCoreItr                      0x08013b17   Thumb Code    16  usb_core.o(.text)
    USB_OTG_ReadOtgItr                       0x08013b27   Thumb Code     8  usb_core.o(.text)
    USB_OTG_EnableHostInt                    0x08013b2f   Thumb Code   116  usb_core.o(.text)
    USB_OTG_ReadHPRT0                        0x08013ba3   Thumb Code    48  usb_core.o(.text)
    USB_OTG_DriveVbus                        0x08013bd3   Thumb Code    92  usb_core.o(.text)
    USB_OTG_ResetPort                        0x08013c2f   Thumb Code    64  usb_core.o(.text)
    USB_OTG_InitFSLSPClkSel                  0x08013c6f   Thumb Code    24  usb_core.o(.text)
    USB_OTG_CoreInitHost                     0x08013c87   Thumb Code   214  usb_core.o(.text)
    USB_OTG_IsEvenFrame                      0x08013d5d   Thumb Code    16  usb_core.o(.text)
    USB_OTG_ReadHostAllChannels_intr         0x08013d6d   Thumb Code     8  usb_core.o(.text)
    USB_OTG_HC_Init                          0x08013d75   Thumb Code   568  usb_core.o(.text)
    USB_OTG_HC_StartXfer                     0x08013fad   Thumb Code   502  usb_core.o(.text)
    USB_OTG_HC_Halt                          0x080141a3   Thumb Code   130  usb_core.o(.text)
    USB_OTG_HC_DoPing                        0x08014225   Thumb Code    90  usb_core.o(.text)
    USB_OTG_StopHost                         0x0801427f   Thumb Code    96  usb_core.o(.text)
    USB_OTG_BSP_Init                         0x080142e1   Thumb Code    80  usb_bsp.o(.text)
    USB_OTG_BSP_EnableInterrupt              0x08014331   Thumb Code    42  usb_bsp.o(.text)
    USB_OTG_BSP_DriveVBUS                    0x0801435b   Thumb Code     2  usb_bsp.o(.text)
    USB_OTG_BSP_ConfigVBUS                   0x0801435d   Thumb Code     2  usb_bsp.o(.text)
    USB_OTG_BSP_uDelay                       0x0801435f   Thumb Code    34  usb_bsp.o(.text)
    USB_OTG_BSP_mDelay                       0x08014381   Thumb Code    18  usb_bsp.o(.text)
    USB_OTG_BSP_TimerIRQ                     0x08014393   Thumb Code     2  usb_bsp.o(.text)
    OTG_FS_IRQHandler                        0x08014399   Thumb Code    10  usbh_usr.o(.text)
    USBH_USR_Init                            0x080143a3   Thumb Code    34  usbh_usr.o(.text)
    USBH_USR_DeviceAttached                  0x080143c5   Thumb Code    10  usbh_usr.o(.text)
    USBH_USR_UnrecoveredError                0x080143cf   Thumb Code    10  usbh_usr.o(.text)
    USBH_USR_DeviceDisconnected              0x080143d9   Thumb Code    10  usbh_usr.o(.text)
    USBH_USR_ResetDevice                     0x080143e3   Thumb Code    10  usbh_usr.o(.text)
    USBH_USR_DeviceSpeedDetected             0x080143ed   Thumb Code    46  usbh_usr.o(.text)
    USBH_USR_Device_DescAvailable            0x0801441b   Thumb Code    24  usbh_usr.o(.text)
    USBH_USR_DeviceAddressAssigned           0x08014433   Thumb Code     2  usbh_usr.o(.text)
    USBH_USR_Configuration_DescAvailable     0x08014435   Thumb Code    42  usbh_usr.o(.text)
    USBH_USR_Manufacturer_String             0x0801445f   Thumb Code    14  usbh_usr.o(.text)
    USBH_USR_Product_String                  0x0801446d   Thumb Code    14  usbh_usr.o(.text)
    USBH_USR_SerialNum_String                0x0801447b   Thumb Code    14  usbh_usr.o(.text)
    USBH_USR_EnumerationDone                 0x08014489   Thumb Code    10  usbh_usr.o(.text)
    USBH_USR_DeviceNotSupported              0x08014493   Thumb Code    10  usbh_usr.o(.text)
    USBH_USR_UserInput                       0x0801449d   Thumb Code     4  usbh_usr.o(.text)
    USBH_USR_OverCurrentDetected             0x080144a1   Thumb Code    10  usbh_usr.o(.text)
    USBH_USR_MSC_Application                 0x080144ab   Thumb Code     4  usbh_usr.o(.text)
    USBH_USR_DeInit                          0x080144af   Thumb Code     2  usbh_usr.o(.text)
    USBH_Disk_Read                           0x080144b1   Thumb Code    72  usbh_usr.o(.text)
    USBH_Disk_Write                          0x080144f9   Thumb Code    74  usbh_usr.o(.text)
    __aeabi_memcpy                           0x08014689   Thumb Code    36  memcpya.o(.text)
    __aeabi_memcpy4                          0x08014689   Thumb Code     0  memcpya.o(.text)
    __aeabi_memcpy8                          0x08014689   Thumb Code     0  memcpya.o(.text)
    strlen                                   0x080146ad   Thumb Code    14  strlen.o(.text)
    strcmp                                   0x080146bb   Thumb Code    28  strcmp.o(.text)
    strcpy                                   0x080146d7   Thumb Code    18  strcpy.o(.text)
    atoi                                     0x080146e9   Thumb Code    26  atoi.o(.text)
    __aeabi_dmul                             0x08014703   Thumb Code   228  dmul.o(.text)
    __aeabi_ddiv                             0x080147e7   Thumb Code   222  ddiv.o(.text)
    __aeabi_d2iz                             0x080148c5   Thumb Code    62  dfixi.o(.text)
    __aeabi_f2d                              0x08014903   Thumb Code    38  f2d.o(.text)
    __aeabi_d2f                              0x08014929   Thumb Code    56  d2f.o(.text)
    __aeabi_uidiv                            0x08014961   Thumb Code     0  uidiv.o(.text)
    __aeabi_uidivmod                         0x08014961   Thumb Code    44  uidiv.o(.text)
    __aeabi_uldivmod                         0x0801498d   Thumb Code    98  uldiv.o(.text)
    __aeabi_llsr                             0x080149ef   Thumb Code    32  llushr.o(.text)
    _ll_ushift_r                             0x080149ef   Thumb Code     0  llushr.o(.text)
    __strtod_int                             0x08014a47   Thumb Code    88  strtod.o(.text)
    strtol                                   0x08014aad   Thumb Code   112  strtol.o(.text)
    __I$use$fp                               0x08014b1d   Thumb Code     0  iusefp.o(.text)
    _float_round                             0x08014b1d   Thumb Code    18  fepilogue.o(.text)
    _float_epilogue                          0x08014b2f   Thumb Code    92  fepilogue.o(.text)
    _double_round                            0x08014b8b   Thumb Code    30  depilogue.o(.text)
    _double_epilogue                         0x08014ba9   Thumb Code   156  depilogue.o(.text)
    __aeabi_dadd                             0x08014c45   Thumb Code   322  dadd.o(.text)
    __aeabi_dsub                             0x08014d87   Thumb Code     6  dadd.o(.text)
    __aeabi_drsub                            0x08014d8d   Thumb Code     6  dadd.o(.text)
    __aeabi_d2ulz                            0x08014d93   Thumb Code    48  dfixul.o(.text)
    __aeabi_cdrcmple                         0x08014dc5   Thumb Code    48  cdrcmple.o(.text)
    __scatterload                            0x08014df5   Thumb Code    28  init.o(.text)
    __scatterload_rt2                        0x08014df5   Thumb Code     0  init.o(.text)
    __aeabi_llsl                             0x08014e19   Thumb Code    30  llshl.o(.text)
    _ll_shift_l                              0x08014e19   Thumb Code     0  llshl.o(.text)
    __aeabi_lasr                             0x08014e37   Thumb Code    36  llsshr.o(.text)
    _ll_sshift_r                             0x08014e37   Thumb Code     0  llsshr.o(.text)
    __rt_ctype_table                         0x08014e5d   Thumb Code     4  ctype_o.o(.text)
    isspace                                  0x08014e65   Thumb Code    18  isspace_o.o(.text)
    _scanf_real                              0x08014f79   Thumb Code     0  scanf_fp.o(.text)
    _scanf_really_real                       0x08014f79   Thumb Code   556  scanf_fp.o(.text)
    _sgetc                                   0x080151b1   Thumb Code    30  _sgetc.o(.text)
    _sbackspace                              0x080151cf   Thumb Code    34  _sgetc.o(.text)
    _strtoul                                 0x080151f1   Thumb Code   158  _strtoul.o(.text)
    _chval                                   0x0801528f   Thumb Code    28  _chval.o(.text)
    __aeabi_ul2d                             0x080152ab   Thumb Code    24  dfltul.o(.text)
    __decompress                             0x080152c3   Thumb Code     0  __dclz77c.o(.text)
    __decompress2                            0x080152c3   Thumb Code    94  __dclz77c.o(.text)
    __0printf                                0x08015321   Thumb Code    22  printfa.o(i.__0printf)
    __1printf                                0x08015321   Thumb Code     0  printfa.o(i.__0printf)
    __2printf                                0x08015321   Thumb Code     0  printfa.o(i.__0printf)
    __c89printf                              0x08015321   Thumb Code     0  printfa.o(i.__0printf)
    printf                                   0x08015321   Thumb Code     0  printfa.o(i.__0printf)
    __0sprintf                               0x08015341   Thumb Code    34  printfa.o(i.__0sprintf)
    __1sprintf                               0x08015341   Thumb Code     0  printfa.o(i.__0sprintf)
    __2sprintf                               0x08015341   Thumb Code     0  printfa.o(i.__0sprintf)
    __c89sprintf                             0x08015341   Thumb Code     0  printfa.o(i.__0sprintf)
    sprintf                                  0x08015341   Thumb Code     0  printfa.o(i.__0sprintf)
    __aeabi_errno_addr                       0x08015369   Thumb Code     4  errno.o(i.__aeabi_errno_addr)
    __rt_errno_addr                          0x08015369   Thumb Code     0  errno.o(i.__aeabi_errno_addr)
    __hardfp_atof                            0x08015371   Thumb Code    44  atof.o(i.__hardfp_atof)
    __read_errno                             0x080153a9   Thumb Code     6  errno.o(i.__read_errno)
    __scatterload_copy                       0x080153b5   Thumb Code    14  handlers.o(i.__scatterload_copy)
    __scatterload_null                       0x080153c3   Thumb Code     2  handlers.o(i.__scatterload_null)
    __scatterload_zeroinit                   0x080153c5   Thumb Code    14  handlers.o(i.__scatterload_zeroinit)
    __set_errno                              0x080153d5   Thumb Code     6  errno.o(i.__set_errno)
    _is_digit                                0x08015545   Thumb Code    14  scanf_fp.o(i._is_digit)
    free                                     0x08015c8d   Thumb Code    76  malloc.o(i.free)
    malloc                                   0x08015cdd   Thumb Code    92  malloc.o(i.malloc)
    s_CRCHi                                  0x08015d52   Data         256  moter.o(.constdata)
    s_CRCLo                                  0x08015e52   Data         256  moter.o(.constdata)
    OSUnMapTbl                               0x08015f88   Data         256  os_core.o(.constdata)
    MSG_HOST_INIT                            0x08040d8a   Data          29  usbh_usr.o(.constdata)
    MSG_DEV_ATTACHED                         0x08040da7   Data          21  usbh_usr.o(.constdata)
    MSG_DEV_DISCONNECTED                     0x08040dbc   Data          24  usbh_usr.o(.constdata)
    MSG_DEV_ENUMERATED                       0x08040dd4   Data          27  usbh_usr.o(.constdata)
    MSG_DEV_HIGHSPEED                        0x08040def   Data          31  usbh_usr.o(.constdata)
    MSG_DEV_FULLSPEED                        0x08040e0e   Data          31  usbh_usr.o(.constdata)
    MSG_DEV_LOWSPEED                         0x08040e2d   Data          30  usbh_usr.o(.constdata)
    MSG_DEV_ERROR                            0x08040e4b   Data          18  usbh_usr.o(.constdata)
    MSG_MSC_CLASS                            0x08040e5d   Data          34  usbh_usr.o(.constdata)
    MSG_HID_CLASS                            0x08040e7f   Data          25  usbh_usr.o(.constdata)
    MSG_DISK_SIZE                            0x08040e98   Data          33  usbh_usr.o(.constdata)
    MSG_LUN                                  0x08040eb9   Data          33  usbh_usr.o(.constdata)
    MSG_ROOT_CONT                            0x08040eda   Data          29  usbh_usr.o(.constdata)
    MSG_WR_PROTECT                           0x08040ef7   Data          32  usbh_usr.o(.constdata)
    MSG_UNREC_ERROR                          0x08040f17   Data          28  usbh_usr.o(.constdata)
    __ctype_table                            0x08040f33   Data         129  ctype_o.o(.constdata)
    Region$$Table$$Base                      0x08040fb8   Number         0  anon$$obj.o(Region$$Table)
    Region$$Table$$Limit                     0x08040fd8   Number         0  anon$$obj.o(Region$$Table)
    com                                      0x20000200   Data           1  serial_cmd.o(.data)
    lin                                      0x20000201   Data           8  serial_cmd.o(.data)
    R_data                                   0x20000410   Data           2  temperature.o(.data)
    TEMP_25                                  0x20000414   Data           4  temperature.o(.data)
    TEMP_70                                  0x20000418   Data           4  temperature.o(.data)
    TEMP_10                                  0x2000041c   Data           4  temperature.o(.data)
    TEMP_Indev                               0x20000420   Data           4  temperature.o(.data)
    TEMP                                     0x20000424   Data           4  temperature.o(.data)
    Fault                                    0x20000428   Data           2  temperature.o(.data)
    Temp_Contr_time                          0x2000042c   Data           4  temperature.o(.data)
    res_sd                                   0x20000638   Data           1  fatfs.o(.data)
    fnum                                     0x2000063c   Data           4  fatfs.o(.data)
    fnum_read                                0x20000640   Data           4  fatfs.o(.data)
    fnum_write                               0x20000644   Data           4  fatfs.o(.data)
    WriteBuffer                              0x20000648   Data         157  fatfs.o(.data)
    data_name                                0x200006e5   Data          13  fatfs.o(.data)
    log_time                                 0x200006f2   Data          27  fatfs.o(.data)
    test_name1                               0x2000070d   Data          13  fatfs.o(.data)
    cmd                                      0x2000071a   Data           1  fatfs.o(.data)
    Capacity                                 0x2000071c   Data           4  fatfs.o(.data)
    referlin                                 0x20000720   Data           8  fatfs.o(.data)
    erasrlin                                 0x20000728   Data           7  fatfs.o(.data)
    Usart4Serial_Command                     0x20000730   Data           4  getcommend.o(.data)
    COM1_command_data_length                 0x20000734   Data           4  getcommend.o(.data)
    gettime                                  0x20000758   Data           7  dgus.o(.data)
    auto_time_day                            0x2000075f   Data           6  dgus.o(.data)
    levi_2043e                               0x20000968   Data           4  beionfluid_s60.o(.data)
    Action                                   0x2000096c   Data           8  beionfluid_s60.o(.data)
    Stop                                     0x20000974   Data           8  beionfluid_s60.o(.data)
    empty_L                                  0x2000097c   Data           8  beionfluid_s60.o(.data)
    empty_R                                  0x20000984   Data           8  beionfluid_s60.o(.data)
    Parameter_set                            0x2000098c   Data          27  beionfluid_s60.o(.data)
    usart_irq_num                            0x200009a8   Data           4  usart.o(.data)
    usart_irq_num2                           0x200009ac   Data           4  usart.o(.data)
    utc_valid                                0x200009c8   Data           1  gps.o(.data)
    utc_valid_old                            0x200009c9   Data           1  gps.o(.data)
    gps_time                                 0x200009ca   Data           8  gps.o(.data)
    gps_time_changed                         0x200009d2   Data           1  gps.o(.data)
    gps_1pps_lock_time                       0x200009d4   Data           4  gps.o(.data)
    gps_1pps_unlock_time                     0x200009d8   Data           4  gps.o(.data)
    display_satellite_cn                     0x200009dc   Data           4  gps.o(.data)
    gps_satellite_in_view                    0x200009e0   Data           4  gps.o(.data)
    SystemCoreClock                          0x200009f8   Data           4  system_stm32f4xx.o(.data)
    AHBPrescTable                            0x200009fc   Data          16  system_stm32f4xx.o(.data)
    OSCtxSwCtr                               0x20000a0c   Data           4  os_core.o(.data)
    OSEventFreeList                          0x20000a10   Data           4  os_core.o(.data)
    OSFlagFreeList                           0x20000a14   Data           4  os_core.o(.data)
    OSCPUUsage                               0x20000a18   Data           1  os_core.o(.data)
    OSIdleCtrMax                             0x20000a1c   Data           4  os_core.o(.data)
    OSIdleCtrRun                             0x20000a20   Data           4  os_core.o(.data)
    OSStatRdy                                0x20000a24   Data           1  os_core.o(.data)
    OSIntNesting                             0x20000a25   Data           1  os_core.o(.data)
    OSLockNesting                            0x20000a26   Data           1  os_core.o(.data)
    OSPrioCur                                0x20000a27   Data           1  os_core.o(.data)
    OSPrioHighRdy                            0x20000a28   Data           1  os_core.o(.data)
    OSRdyGrp                                 0x20000a29   Data           1  os_core.o(.data)
    OSRdyTbl                                 0x20000a2a   Data           8  os_core.o(.data)
    OSRunning                                0x20000a32   Data           1  os_core.o(.data)
    OSTaskCtr                                0x20000a33   Data           1  os_core.o(.data)
    OSIdleCtr                                0x20000a34   Data           4  os_core.o(.data)
    OSTCBCur                                 0x20000a38   Data           4  os_core.o(.data)
    OSTCBFreeList                            0x20000a3c   Data           4  os_core.o(.data)
    OSTCBHighRdy                             0x20000a40   Data           4  os_core.o(.data)
    OSTCBList                                0x20000a44   Data           4  os_core.o(.data)
    OSTickStepState                          0x20000a48   Data           1  os_core.o(.data)
    OSMemFreeList                            0x20000a4c   Data           4  os_core.o(.data)
    OSQFreeList                              0x20000a50   Data           4  os_core.o(.data)
    OSTime                                   0x20000a54   Data           4  os_core.o(.data)
    SD_Type                                  0x20000a58   Data           1  spi_sd_driver.o(.data)
    MSC_Setup                                0x20000a60   Data           8  usbh_msc_core.o(.data)
    MSCErrorCount                            0x20000a68   Data           1  usbh_msc_core.o(.data)
    USBH_MSC_cb                              0x20000a6c   Data          16  usbh_msc_core.o(.data)
    USBH_HCD_INT_cb                          0x20000a98   Data          12  usbh_core.o(.data)
    USBH_HCD_INT_fops                        0x20000aa4   Data           4  usbh_core.o(.data)
    USR_cb                                   0x20000aac   Data          72  usbh_usr.o(.data)
    __stdout                                 0x20000af8   Data           4  stdout.o(.data)
    __microlib_freelist                      0x20000afc   Data           4  mvars.o(.data)
    __microlib_freelist_initialised          0x20000b00   Data           4  mvars.o(.data)
    Stk_Task_Temp                            0x200011e8   Data        1120  app.o(.bss)
    Stk_Task_Dugs                            0x20001648   Data         640  app.o(.bss)
    Stk_Task_Auto_Hand                       0x200018c8   Data         640  app.o(.bss)
    Stk_Task_Fatfs_Test                      0x20001b48   Data        4800  app.o(.bss)
    Stk_Task_Test                            0x20002e08   Data         800  app.o(.bss)
    StackBytes                               0x20003128   Data          64  app.o(.bss)
    Alic1                                    0x20003168   Data          36  serial_cmd.o(.bss)
    startup_task_stk                         0x2000318c   Data        1600  main.o(.bss)
    Temperature_filter1                      0x200037cc   Data          32  filter.o(.bss)
    Temperature_filter2                      0x200037ec   Data          32  filter.o(.bss)
    Temperature_filter3                      0x2000380c   Data          32  filter.o(.bss)
    Temperature_filter4                      0x2000382c   Data          32  filter.o(.bss)
    Temperature_filter1_data                 0x2000384c   Data          20  filter.o(.bss)
    Temperature_filter2_data                 0x20003860   Data          20  filter.o(.bss)
    Temperature_filter3_data                 0x20003874   Data          20  filter.o(.bss)
    Temperature_filter4_data                 0x20003888   Data          20  filter.o(.bss)
    Alicat_filter1                           0x2000389c   Data          32  filter.o(.bss)
    Alicat_filter1_data                      0x200038bc   Data         400  filter.o(.bss)
    AD_filter6                               0x20003a4c   Data          32  filter.o(.bss)
    AD_filter7                               0x20003a6c   Data          32  filter.o(.bss)
    AD_filter6_data                          0x20003a8c   Data        4800  filter.o(.bss)
    AD_filter7_data                          0x20004d4c   Data         400  filter.o(.bss)
    g_tModS                                  0x20004edc   Data         163  moter.o(.bss)
    g_tVar                                   0x20004f80   Data          28  moter.o(.bss)
    g_TestBuf                                0x20004f9c   Data        4096  fatfs.o(.bss)
    fs                                       0x20005f9c   Data        1704  fatfs.o(.bss)
    fnew                                     0x20006644   Data        1656  fatfs.o(.bss)
    ReadBuffer                               0x20006cbc   Data        1024  fatfs.o(.bss)
    ReadBuffer2                              0x200070bc   Data         100  fatfs.o(.bss)
    CID                                      0x20007120   Data          20  fatfs.o(.bss)
    CSD                                      0x20007134   Data          20  fatfs.o(.bss)
    model4001                                0x20007148   Data         436  dgus.o(.bss)
    model_1006                               0x200072fc   Data         324  dgus.o(.bss)
    g_tUart1                                 0x20007440   Data          40  usart.o(.bss)
    g_TxBuf1                                 0x20007468   Data         512  usart.o(.bss)
    g_RxBuf1                                 0x20007668   Data         512  usart.o(.bss)
    Uart1_command                            0x20007868   Data         201  usart.o(.bss)
    g_tUart2                                 0x20007934   Data          40  usart.o(.bss)
    g_TxBuf2                                 0x2000795c   Data         512  usart.o(.bss)
    g_RxBuf2                                 0x20007b5c   Data         512  usart.o(.bss)
    Uart2_command                            0x20007d5c   Data         101  usart.o(.bss)
    g_tUart3                                 0x20007dc4   Data          40  usart.o(.bss)
    g_TxBuf3                                 0x20007dec   Data         512  usart.o(.bss)
    g_RxBuf3                                 0x20007fec   Data         512  usart.o(.bss)
    Uart3_command                            0x200081ec   Data          12  usart.o(.bss)
    g_tUart4                                 0x200081f8   Data          40  usart.o(.bss)
    g_TxBuf4                                 0x20008220   Data         512  usart.o(.bss)
    g_RxBuf4                                 0x20008420   Data         512  usart.o(.bss)
    Uart4_command                            0x20008620   Data          51  usart.o(.bss)
    g_tUart6                                 0x20008654   Data          40  usart.o(.bss)
    g_TxBuf6                                 0x2000867c   Data         512  usart.o(.bss)
    g_RxBuf6                                 0x2000887c   Data         512  usart.o(.bss)
    Uart6_command                            0x20008a7c   Data         101  usart.o(.bss)
    GPS_serial_command_word                  0x20008ae4   Data         100  gps.o(.bss)
    gps_position                             0x20008b48   Data          48  gps.o(.bss)
    nmea_field                               0x20008b78   Data         120  gps.o(.bss)
    sat_vis_cn                               0x20008bf0   Data          24  gps.o(.bss)
    sat_vis_id                               0x20008c08   Data          24  gps.o(.bss)
    lut                                      0x20008c20   Data        8192  ftl.o(.bss)
    nand_dev                                 0x2000ac20   Data          92  nand.o(.bss)
    OSEventTbl                               0x2000ac7c   Data         240  os_core.o(.bss)
    OSFlagTbl                                0x2000ad6c   Data          80  os_core.o(.bss)
    OSTaskStatStk                            0x2000adbc   Data         512  os_core.o(.bss)
    OSTaskIdleStk                            0x2000afbc   Data         512  os_core.o(.bss)
    OSTCBPrioTbl                             0x2000b1bc   Data         256  os_core.o(.bss)
    OSTCBTbl                                 0x2000b2bc   Data        1936  os_core.o(.bss)
    OSMemTbl                                 0x2000ba4c   Data         120  os_core.o(.bss)
    OSQTbl                                   0x2000bac4   Data          96  os_core.o(.bss)
    USBH_MSC_Param                           0x2000bb54   Data          16  usbh_msc_scsi.o(.bss)
    USBH_DataInBuffer                        0x2000bb64   Data         512  usbh_msc_scsi.o(.bss)
    USBH_DataOutBuffer                       0x2000bd64   Data         512  usbh_msc_scsi.o(.bss)
    MSC_Machine                              0x2000bf64   Data          74  usbh_msc_core.o(.bss)
    USBH_MSC_CBWData                         0x2000bfb0   Data          32  usbh_msc_bot.o(.bss)
    USBH_MSC_CSWData                         0x2000bfd0   Data          16  usbh_msc_bot.o(.bss)
    USBH_MSC_BOTXferParam                    0x2000bfe0   Data          16  usbh_msc_bot.o(.bss)
    USBH_CfgDesc                             0x2000bff0   Data         512  usbh_stdreq.o(.bss)
    USB_OTG_Core                             0x2000c1f0   Data        1452  usbh_usr.o(.bss)
    USB_Host                                 0x2000c79c   Data         132  usbh_usr.o(.bss)
    __heap_base                              0x2000c820   Data           0  startup_stm32f4xx.o(HEAP)
    __heap_limit                             0x2000ca20   Data           0  startup_stm32f4xx.o(HEAP)
    __initial_sp                             0x2000ce20   Data           0  startup_stm32f4xx.o(STACK)



==============================================================================

Memory Map of the image

  Image Entry point : 0x08000189

  Load Region LR_IROM1 (Base: 0x08000000, Size: 0x00041ae0, Max: 0x00100000, ABSOLUTE, COMPRESSED[0x00041288])

    Execution Region ER_IROM1 (Base: 0x08000000, Size: 0x00040fd8, Max: 0x00100000, ABSOLUTE)

    Base Addr    Size         Type   Attr      Idx    E Section Name        Object

    0x08000000   0x00000188   Data   RO         1429    RESET               startup_stm32f4xx.o
    0x08000188   0x00000000   Code   RO         1936  * .ARM.Collect$$$$00000000  mc_w.l(entry.o)
    0x08000188   0x00000004   Code   RO         2254    .ARM.Collect$$$$00000001  mc_w.l(entry2.o)
    0x0800018c   0x00000004   Code   RO         2257    .ARM.Collect$$$$00000004  mc_w.l(entry5.o)
    0x08000190   0x00000000   Code   RO         2259    .ARM.Collect$$$$00000008  mc_w.l(entry7b.o)
    0x08000190   0x00000000   Code   RO         2261    .ARM.Collect$$$$0000000A  mc_w.l(entry8b.o)
    0x08000190   0x00000008   Code   RO         2262    .ARM.Collect$$$$0000000B  mc_w.l(entry9a.o)
    0x08000198   0x00000000   Code   RO         2264    .ARM.Collect$$$$0000000D  mc_w.l(entry10a.o)
    0x08000198   0x00000000   Code   RO         2266    .ARM.Collect$$$$0000000F  mc_w.l(entry11a.o)
    0x08000198   0x00000004   Code   RO         2255    .ARM.Collect$$$$00002712  mc_w.l(entry2.o)
    0x0800019c   0x00000200   Code   RO            2    .text               app.o
    0x0800039c   0x00000c9c   Code   RO          220    .text               serial_cmd.o
    0x08001038   0x0000008c   Code   RO          267    .text               crc.o
    0x080010c4   0x0000002c   Code   RO          285    .text               main.o
    0x080010f0   0x00000280   Code   RO          303    .text               filter.o
    0x08001370   0x00000508   Code   RO          417    .text               moter.o
    0x08001878   0x000010a8   Code   RO          441    .text               fatfs.o
    0x08002920   0x00000400   Code   RO          467    .text               getcommend.o
    0x08002d20   0x00001694   Code   RO          486    .text               dgus.o
    0x080043b4   0x0000031c   Code   RO          511    .text               beionfluid_s60.o
    0x080046d0   0x00000020   Code   RO          533    .text               ry_wsy301.o
    0x080046f0   0x00000058   Code   RO          552    .text               stm32f4xx_it.o
    0x08004748   0x00000032   Code   RO          657    .text               nvic.o
    0x0800477a   0x00000002   PAD
    0x0800477c   0x00000074   Code   RO          673    .text               bsp_global.o
    0x080047f0   0x0000079c   Code   RO          693    .text               usart.o
    0x08004f8c   0x00000054   Code   RO          719    .text               led.o
    0x08004fe0   0x00000050   Code   RO          745    .text               rs485.o
    0x08005030   0x00000714   Code   RO          761    .text               spi.o
    0x08005744   0x0000043c   Code   RO          781    .text               time.o
    0x08005b80   0x00000068   Code   RO          824    .text               io.o
    0x08005be8   0x00000808   Code   RO          839    .text               gps.o
    0x080063f0   0x000009a0   Code   RO          871    .text               ftl.o
    0x08006d90   0x00000c9c   Code   RO          891    .text               nand.o
    0x08007a2c   0x000000e0   Code   RO          930    .text               misc.o
    0x08007b0c   0x0000011c   Code   RO         1122    .text               stm32f4xx_exti.o
    0x08007c28   0x0000025c   Code   RO         1154    .text               stm32f4xx_gpio.o
    0x08007e84   0x00000608   Code   RO         1234    .text               stm32f4xx_fsmc.o
    0x0800848c   0x00000588   Code   RO         1282    .text               stm32f4xx_rcc.o
    0x08008a14   0x000003f8   Code   RO         1348    .text               stm32f4xx_spi.o
    0x08008e0c   0x00000ca2   Code   RO         1380    .text               stm32f4xx_tim.o
    0x08009aae   0x00000002   PAD
    0x08009ab0   0x0000041a   Code   RO         1396    .text               stm32f4xx_usart.o
    0x08009eca   0x00000002   PAD
    0x08009ecc   0x00000024   Code   RO         1430    .text               startup_stm32f4xx.o
    0x08009ef0   0x00000210   Code   RO         1435    .text               system_stm32f4xx.o
    0x0800a100   0x00000cb4   Code   RO         1456    .text               os_core.o
    0x0800adb4   0x000007fc   Code   RO         1476    .text               os_flag.o
    0x0800b5b0   0x000001d4   Code   RO         1500    .text               os_mem.o
    0x0800b784   0x000005e4   Code   RO         1524    .text               os_q.o
    0x0800bd68   0x000003a8   Code   RO         1536    .text               os_sem.o
    0x0800c110   0x00000828   Code   RO         1548    .text               os_task.o
    0x0800c938   0x00000198   Code   RO         1560    .text               os_time.o
    0x0800cad0   0x00000148   Code   RO         1579    .text               os_cpu_c.o
    0x0800cc18   0x000000c4   Code   RO         1606    .text               os_cpu_a.o
    0x0800ccdc   0x00000288   Code   RO         1610    .text               diskio.o
    0x0800cf64   0x000008b0   Code   RO         1626    .text               spi_sd_driver.o
    0x0800d814   0x0000328e   Code   RO         1644    .text               ff.o
    0x08010aa2   0x00000002   PAD
    0x08010aa4   0x000000b4   Code   RO         1666    .text               cc936.o
    0x08010b58   0x000004f4   Code   RO         1693    .text               usbh_msc_scsi.o
    0x0801104c   0x0000034c   Code   RO         1716    .text               usbh_msc_core.o
    0x08011398   0x00000454   Code   RO         1739    .text               usbh_msc_bot.o
    0x080117ec   0x000003d8   Code   RO         1762    .text               usbh_stdreq.o
    0x08011bc4   0x000003a8   Code   RO         1785    .text               usbh_ioreq.o
    0x08011f6c   0x00000186   Code   RO         1801    .text               usbh_hcs.o
    0x080120f2   0x00000002   PAD
    0x080120f4   0x00000666   Code   RO         1817    .text               usbh_core.o
    0x0801275a   0x00000002   PAD
    0x0801275c   0x00000e74   Code   RO         1839    .text               usb_hcd_int.o
    0x080135d0   0x000000e4   Code   RO         1855    .text               usb_hcd.o
    0x080136b4   0x00000c2a   Code   RO         1871    .text               usb_core.o
    0x080142de   0x00000002   PAD
    0x080142e0   0x000000b8   Code   RO         1887    .text               usb_bsp.o
    0x08014398   0x000002f0   Code   RO         1906    .text               usbh_usr.o
    0x08014688   0x00000024   Code   RO         1939    .text               mc_w.l(memcpya.o)
    0x080146ac   0x0000000e   Code   RO         1941    .text               mc_w.l(strlen.o)
    0x080146ba   0x0000001c   Code   RO         1943    .text               mc_w.l(strcmp.o)
    0x080146d6   0x00000012   Code   RO         1945    .text               mc_w.l(strcpy.o)
    0x080146e8   0x0000001a   Code   RO         2238    .text               mc_w.l(atoi.o)
    0x08014702   0x000000e4   Code   RO         2240    .text               mf_w.l(dmul.o)
    0x080147e6   0x000000de   Code   RO         2242    .text               mf_w.l(ddiv.o)
    0x080148c4   0x0000003e   Code   RO         2248    .text               mf_w.l(dfixi.o)
    0x08014902   0x00000026   Code   RO         2250    .text               mf_w.l(f2d.o)
    0x08014928   0x00000038   Code   RO         2252    .text               mf_w.l(d2f.o)
    0x08014960   0x0000002c   Code   RO         2269    .text               mc_w.l(uidiv.o)
    0x0801498c   0x00000062   Code   RO         2271    .text               mc_w.l(uldiv.o)
    0x080149ee   0x00000020   Code   RO         2273    .text               mc_w.l(llushr.o)
    0x08014a0e   0x00000002   PAD
    0x08014a10   0x0000009c   Code   RO         2284    .text               mc_w.l(strtod.o)
    0x08014aac   0x00000070   Code   RO         2286    .text               mc_w.l(strtol.o)
    0x08014b1c   0x00000000   Code   RO         2288    .text               mc_w.l(iusefp.o)
    0x08014b1c   0x0000006e   Code   RO         2289    .text               mf_w.l(fepilogue.o)
    0x08014b8a   0x000000ba   Code   RO         2291    .text               mf_w.l(depilogue.o)
    0x08014c44   0x0000014e   Code   RO         2293    .text               mf_w.l(dadd.o)
    0x08014d92   0x00000030   Code   RO         2295    .text               mf_w.l(dfixul.o)
    0x08014dc2   0x00000002   PAD
    0x08014dc4   0x00000030   Code   RO         2297    .text               mf_w.l(cdrcmple.o)
    0x08014df4   0x00000024   Code   RO         2299    .text               mc_w.l(init.o)
    0x08014e18   0x0000001e   Code   RO         2301    .text               mc_w.l(llshl.o)
    0x08014e36   0x00000024   Code   RO         2303    .text               mc_w.l(llsshr.o)
    0x08014e5a   0x00000002   PAD
    0x08014e5c   0x00000008   Code   RO         2307    .text               mc_w.l(ctype_o.o)
    0x08014e64   0x00000012   Code   RO         2329    .text               mc_w.l(isspace_o.o)
    0x08014e76   0x00000002   PAD
    0x08014e78   0x00000338   Code   RO         2335    .text               mc_w.l(scanf_fp.o)
    0x080151b0   0x00000040   Code   RO         2339    .text               mc_w.l(_sgetc.o)
    0x080151f0   0x0000009e   Code   RO         2341    .text               mc_w.l(_strtoul.o)
    0x0801528e   0x0000001c   Code   RO         2346    .text               mc_w.l(_chval.o)
    0x080152aa   0x00000018   Code   RO         2348    .text               mf_w.l(dfltul.o)
    0x080152c2   0x0000005e   Code   RO         2358    .text               mc_w.l(__dclz77c.o)
    0x08015320   0x00000020   Code   RO         2182    i.__0printf         mc_w.l(printfa.o)
    0x08015340   0x00000028   Code   RO         2184    i.__0sprintf        mc_w.l(printfa.o)
    0x08015368   0x00000008   Code   RO         2277    i.__aeabi_errno_addr  mc_w.l(errno.o)
    0x08015370   0x00000038   Code   RO         1930    i.__hardfp_atof     m_wm.l(atof.o)
    0x080153a8   0x0000000c   Code   RO         2278    i.__read_errno      mc_w.l(errno.o)
    0x080153b4   0x0000000e   Code   RO         2352    i.__scatterload_copy  mc_w.l(handlers.o)
    0x080153c2   0x00000002   Code   RO         2353    i.__scatterload_null  mc_w.l(handlers.o)
    0x080153c4   0x0000000e   Code   RO         2354    i.__scatterload_zeroinit  mc_w.l(handlers.o)
    0x080153d2   0x00000002   PAD
    0x080153d4   0x0000000c   Code   RO         2279    i.__set_errno       mc_w.l(errno.o)
    0x080153e0   0x00000164   Code   RO         2189    i._fp_digits        mc_w.l(printfa.o)
    0x08015544   0x0000000e   Code   RO         2337    i._is_digit         mc_w.l(scanf_fp.o)
    0x08015552   0x00000002   PAD
    0x08015554   0x000006dc   Code   RO         2190    i._printf_core      mc_w.l(printfa.o)
    0x08015c30   0x00000024   Code   RO         2191    i._printf_post_padding  mc_w.l(printfa.o)
    0x08015c54   0x0000002e   Code   RO         2192    i._printf_pre_padding  mc_w.l(printfa.o)
    0x08015c82   0x0000000a   Code   RO         2194    i._sputc            mc_w.l(printfa.o)
    0x08015c8c   0x00000050   Code   RO         2210    i.free              mc_w.l(malloc.o)
    0x08015cdc   0x0000006c   Code   RO         2211    i.malloc            mc_w.l(malloc.o)
    0x08015d48   0x0000000a   Data   RO          222    .constdata          serial_cmd.o
    0x08015d52   0x00000200   Data   RO          419    .constdata          moter.o
    0x08015f52   0x00000002   PAD
    0x08015f54   0x00000034   Data   RO          841    .constdata          gps.o
    0x08015f88   0x00000100   Data   RO         1458    .constdata          os_core.o
    0x08016088   0x0000003a   Data   RO         1646    .constdata          ff.o
    0x080160c2   0x0002acc8   Data   RO         1667    .constdata          cc936.o
    0x08040d8a   0x000001a9   Data   RO         1908    .constdata          usbh_usr.o
    0x08040f33   0x00000081   Data   RO         2308    .constdata          mc_w.l(ctype_o.o)
    0x08040fb4   0x00000004   Data   RO         2309    .constdata          mc_w.l(ctype_o.o)
    0x08040fb8   0x00000020   Data   RO         2350    Region$$Table       anon$$obj.o


    Execution Region RW_IRAM1 (Base: 0x20000000, Size: 0x0000ce20, Max: 0x00020000, ABSOLUTE, COMPRESSED[0x000002b0])

    Base Addr    Size         Type   Attr      Idx    E Section Name        Object

    0x20000000   0x00000210   Data   RW          223    .data               serial_cmd.o
    0x20000210   0x00000200   Data   RW          268    .data               crc.o
    0x20000410   0x00000020   Data   RW          331    .data               temperature.o
    0x20000430   0x00000205   Data   RW          420    .data               moter.o
    0x20000635   0x00000003   PAD
    0x20000638   0x000000f7   Data   RW          443    .data               fatfs.o
    0x2000072f   0x00000001   PAD
    0x20000730   0x00000028   Data   RW          468    .data               getcommend.o
    0x20000758   0x00000010   Data   RW          488    .data               dgus.o
    0x20000768   0x0000023f   Data   RW          512    .data               beionfluid_s60.o
    0x200009a7   0x00000001   PAD
    0x200009a8   0x00000008   Data   RW          695    .data               usart.o
    0x200009b0   0x00000008   Data   RW          762    .data               spi.o
    0x200009b8   0x00000010   Data   RW          782    .data               time.o
    0x200009c8   0x0000001c   Data   RW          842    .data               gps.o
    0x200009e4   0x00000004   Data   RW          873    .data               ftl.o
    0x200009e8   0x00000010   Data   RW         1283    .data               stm32f4xx_rcc.o
    0x200009f8   0x00000014   Data   RW         1436    .data               system_stm32f4xx.o
    0x20000a0c   0x0000004c   Data   RW         1459    .data               os_core.o
    0x20000a58   0x00000001   Data   RW         1627    .data               spi_sd_driver.o
    0x20000a59   0x00000001   PAD
    0x20000a5a   0x00000003   Data   RW         1647    .data               ff.o
    0x20000a5d   0x00000001   Data   RW         1695    .data               usbh_msc_scsi.o
    0x20000a5e   0x00000002   PAD
    0x20000a60   0x0000001d   Data   RW         1718    .data               usbh_msc_core.o
    0x20000a7d   0x00000003   PAD
    0x20000a80   0x00000011   Data   RW         1741    .data               usbh_msc_bot.o
    0x20000a91   0x00000001   PAD
    0x20000a92   0x00000003   Data   RW         1764    .data               usbh_stdreq.o
    0x20000a95   0x00000003   PAD
    0x20000a98   0x00000012   Data   RW         1818    .data               usbh_core.o
    0x20000aaa   0x00000002   PAD
    0x20000aac   0x00000049   Data   RW         1909    .data               usbh_usr.o
    0x20000af5   0x00000003   PAD
    0x20000af8   0x00000004   Data   RW         2268    .data               mc_w.l(stdout.o)
    0x20000afc   0x00000004   Data   RW         2275    .data               mc_w.l(mvars.o)
    0x20000b00   0x00000004   Data   RW         2276    .data               mc_w.l(mvars.o)
    0x20000b04   0x00000004   Data   RW         2280    .data               mc_w.l(errno.o)
    0x20000b08   0x00002660   Zero   RW            3    .bss                app.o
    0x20003168   0x00000024   Zero   RW          221    .bss                serial_cmd.o
    0x2000318c   0x00000640   Zero   RW          286    .bss                main.o
    0x200037cc   0x00001710   Zero   RW          304    .bss                filter.o
    0x20004edc   0x000000c0   Zero   RW          418    .bss                moter.o
    0x20004f9c   0x000021ac   Zero   RW          442    .bss                fatfs.o
    0x20007148   0x000002f8   Zero   RW          487    .bss                dgus.o
    0x20007440   0x000016a1   Zero   RW          694    .bss                usart.o
    0x20008ae1   0x00000003   PAD
    0x20008ae4   0x0000013c   Zero   RW          840    .bss                gps.o
    0x20008c20   0x00002000   Zero   RW          872    .bss                ftl.o
    0x2000ac20   0x0000005c   Zero   RW          892    .bss                nand.o
    0x2000ac7c   0x00000ea8   Zero   RW         1457    .bss                os_core.o
    0x2000bb24   0x00000030   Zero   RW         1645    .bss                ff.o
    0x2000bb54   0x00000410   Zero   RW         1694    .bss                usbh_msc_scsi.o
    0x2000bf64   0x0000004a   Zero   RW         1717    .bss                usbh_msc_core.o
    0x2000bfae   0x00000002   PAD
    0x2000bfb0   0x00000040   Zero   RW         1740    .bss                usbh_msc_bot.o
    0x2000bff0   0x00000200   Zero   RW         1763    .bss                usbh_stdreq.o
    0x2000c1f0   0x00000630   Zero   RW         1907    .bss                usbh_usr.o
    0x2000c820   0x00000200   Zero   RW         1428    HEAP                startup_stm32f4xx.o
    0x2000ca20   0x00000400   Zero   RW         1427    STACK               startup_stm32f4xx.o


==============================================================================

Image component sizes


      Code (inc. data)   RO Data    RW Data    ZI Data      Debug   Object Name

       512         80          0          0       9824     296887   app.o
       796         40          0        575          0       2447   beionfluid_s60.o
       116         10          0          0          0      19038   bsp_global.o
       180         18     175304          0          0       2445   cc936.o
       140          8          0        512          0       1924   crc.o
      5780        180          0         16        760      13036   dgus.o
       648         18          0          0          0       3134   diskio.o
      4264        690          0        247       8620       4894   fatfs.o
     12942        136         58          3         48      36464   ff.o
       640         60          0          0       5904       5267   filter.o
      2464        242          0          4       8192       7594   ftl.o
      1024         76          0         40          0       3082   getcommend.o
      2056        290         52         28        316       7845   gps.o
       104          8          0          0          0        727   io.o
        84          4          0          0          0        588   led.o
        44         10          0          0       1600       1134   main.o
       224         20          0          0          0       1945   misc.o
      1288         56        512        517        192       6825   moter.o
      3228        208          0          0         92      10933   nand.o
        50          0          0          0          0        581   nvic.o
      3252        276        256         76       3752      19975   os_core.o
       196         32          0          0          0        348   os_cpu_a.o
       328         12          0          0          0       3552   os_cpu_c.o
      2044         40          0          0          0       6984   os_flag.o
       468         18          0          0          0       3200   os_mem.o
      1508         34          0          0          0       5617   os_q.o
       936         20          0          0          0       4002   os_sem.o
      2088         68          0          0          0       7813   os_task.o
       408         24          0          0          0       1842   os_time.o
        80          6          0          0          0        839   rs485.o
        32         10          0          0          0        589   ry_wsy301.o
      3228        494         10        528         36       7191   serial_cmd.o
      1812         42          0          8          0       4713   spi.o
      2224         32          0          1          0       7245   spi_sd_driver.o
        36          8        392          0       1536        868   startup_stm32f4xx.o
       284         10          0          0          0       2423   stm32f4xx_exti.o
      1544         14          0          0          0       5531   stm32f4xx_fsmc.o
       604         36          0          0          0       4185   stm32f4xx_gpio.o
        88         10          0          0          0       1658   stm32f4xx_it.o
      1416         48          0         16          0      11131   stm32f4xx_rcc.o
      1016         22          0          0          0       6909   stm32f4xx_spi.o
      3234         60          0          0          0      22428   stm32f4xx_tim.o
      1050         26          0          0          0       7900   stm32f4xx_usart.o
       528         46          0         20          0       2023   system_stm32f4xx.o
         0          0          0         32          0      28711   temperature.o
      1084         50          0         16          0       3869   time.o
      1948        132          0          8       5793       9639   usart.o
       184          4          0          0          0       2587   usb_bsp.o
      3114         10          0          0          0      10162   usb_core.o
       228          0          0          0          0       3300   usb_hcd.o
      3700         10          0          0          0       6767   usb_hcd_int.o
      1638         44          0         18          0       6219   usbh_core.o
       390          0          0          0          0       2764   usbh_hcs.o
       936          0          0          0          0       4504   usbh_ioreq.o
      1108         68          0         17         64       5759   usbh_msc_bot.o
       844         28          0         29         74       4477   usbh_msc_core.o
      1268         40          0          1       1040       5426   usbh_msc_scsi.o
       984         12          0          3        512       6045   usbh_stdreq.o
       752        326        425         73       1584       6468   usbh_usr.o

    ----------------------------------------------------------------------
     83180       4266     177043       2808      49944     672453   Object Totals
         0          0         32          0          0          0   (incl. Generated)
        14          0          2         20          5          0   (incl. Padding)

    ----------------------------------------------------------------------

      Code (inc. data)   RO Data    RW Data    ZI Data      Debug   Library Member Name

        56         12          0          0          0        132   atof.o
        94          0          0          0          0          0   __dclz77c.o
        28          0          0          0          0         68   _chval.o
        64          0          0          0          0         84   _sgetc.o
       158          0          0          0          0         92   _strtoul.o
        26          0          0          0          0         80   atoi.o
         8          4        133          0          0         68   ctype_o.o
         0          0          0          0          0          0   entry.o
         0          0          0          0          0          0   entry10a.o
         0          0          0          0          0          0   entry11a.o
         8          4          0          0          0          0   entry2.o
         4          0          0          0          0          0   entry5.o
         0          0          0          0          0          0   entry7b.o
         0          0          0          0          0          0   entry8b.o
         8          4          0          0          0          0   entry9a.o
        32         16          0          4          0        204   errno.o
        30          0          0          0          0          0   handlers.o
        36          8          0          0          0         68   init.o
        18          0          0          0          0         76   isspace_o.o
         0          0          0          0          0          0   iusefp.o
        30          0          0          0          0         68   llshl.o
        36          0          0          0          0         68   llsshr.o
        32          0          0          0          0         68   llushr.o
       188         20          0          0          0        160   malloc.o
        36          0          0          0          0         68   memcpya.o
         0          0          0          8          0          0   mvars.o
      2276         96          0          0          0        596   printfa.o
       838         12          0          0          0        216   scanf_fp.o
         0          0          0          4          0          0   stdout.o
        28          0          0          0          0         76   strcmp.o
        18          0          0          0          0         68   strcpy.o
        14          0          0          0          0         68   strlen.o
       156         14          0          0          0        120   strtod.o
       112          0          0          0          0         88   strtol.o
        44          0          0          0          0         80   uidiv.o
        98          0          0          0          0         92   uldiv.o
        48          0          0          0          0         68   cdrcmple.o
        56          0          0          0          0         88   d2f.o
       334          0          0          0          0        148   dadd.o
       222          0          0          0          0        100   ddiv.o
       186          0          0          0          0        176   depilogue.o
        62          0          0          0          0         80   dfixi.o
        48          0          0          0          0         68   dfixul.o
        24          0          0          0          0         76   dfltul.o
       228          0          0          0          0         96   dmul.o
        38          0          0          0          0         68   f2d.o
       110          0          0          0          0        168   fepilogue.o

    ----------------------------------------------------------------------
      5844        190        133         16          0       3844   Library Totals
        12          0          0          0          0          0   (incl. Padding)

    ----------------------------------------------------------------------

      Code (inc. data)   RO Data    RW Data    ZI Data      Debug   Library Name

        56         12          0          0          0        132   m_wm.l
      4420        178        133         16          0       2576   mc_w.l
      1356          0          0          0          0       1136   mf_w.l

    ----------------------------------------------------------------------
      5844        190        133         16          0       3844   Library Totals

    ----------------------------------------------------------------------

==============================================================================


      Code (inc. data)   RO Data    RW Data    ZI Data      Debug   

     89024       4456     177176       2824      49944     662353   Grand Totals
     89024       4456     177176        688      49944     662353   ELF Image Totals (compressed)
     89024       4456     177176        688          0          0   ROM Totals

==============================================================================

    Total RO  Size (Code + RO Data)               266200 ( 259.96kB)
    Total RW  Size (RW Data + ZI Data)             52768 (  51.53kB)
    Total ROM Size (Code + RO Data + RW Data)     266888 ( 260.63kB)

==============================================================================

