Component: ARM Compiler 5.05 update 1 (build 106) Tool: armlink [4d0efa]

==============================================================================

Section Cross References

    app.o(.text) refers to os_time.o(.text) for OSTimeDlyHMSM
    app.o(.text) refers to os_task.o(.text) for OSTaskStkChk
    app.o(.text) refers to os_core.o(.text) for OSStatInit
    app.o(.text) refers to led.o(.text) for LED_Configuration
    app.o(.text) refers to app.o(.bss) for StackBytes
    app.o(.text) refers to serial_cmd.o(.text) for DealSerial_Command
    app.o(.text) refers to getcommend.o(.text) for GetSerial_Command
    app.o(.text) refers to dgus.o(.text) for Dugs
    app.o(.text) refers to beionfluid_s60.o(.text) for Levi2043e
    app.o(.text) refers to fatfs.o(.text) for fatfs_test
    serial_cmd.o(.text) refers to usart.o(.text) for comSendBuf
    serial_cmd.o(.text) refers to usart.o(.bss) for Uart1_command
    serial_cmd.o(.text) refers to serial_cmd.o(.constdata) for .constdata
    serial_cmd.o(.text) refers to dgus.o(.bss) for model_1006
    serial_cmd.o(.text) refers to gps.o(.text) for gps_extract_field
    serial_cmd.o(.text) refers to atof.o(i.__hardfp_atof) for __hardfp_atof
    serial_cmd.o(.text) refers to d2f.o(.text) for __aeabi_d2f
    serial_cmd.o(.text) refers to strcmp.o(.text) for strcmp
    serial_cmd.o(.text) refers to f2d.o(.text) for __aeabi_f2d
    serial_cmd.o(.text) refers to printfa.o(i.__0printf) for __2printf
    serial_cmd.o(.text) refers to stm32f4xx_gpio.o(.text) for GPIO_SetBits
    serial_cmd.o(.text) refers to time.o(.text) for Time2_freq
    serial_cmd.o(.text) refers to stm32f4xx_tim.o(.text) for TIM_Cmd
    serial_cmd.o(.text) refers to filter.o(.text) for even_filter_float
    serial_cmd.o(.text) refers to strcpy.o(.text) for strcpy
    serial_cmd.o(.text) refers to rs485.o(.text) for Rs485_Init
    serial_cmd.o(.text) refers to os_time.o(.text) for OSTimeDlyHMSM
    serial_cmd.o(.text) refers to moter.o(.text) for MODS_Poll
    serial_cmd.o(.text) refers to ry_wsy301.o(.text) for get_thermo_hygro_barograph
    serial_cmd.o(.text) refers to serial_cmd.o(.bss) for Alic1
    serial_cmd.o(.text) refers to filter.o(.bss) for Alicat_filter1
    serial_cmd.o(.text) refers to beionfluid_s60.o(.data) for levi_2043e
    serial_cmd.o(.text) refers to serial_cmd.o(.data) for command_sendtime
    crc.o(.text) refers to crc.o(.data) for auchCRCHi
    main.o(.text) refers to bsp_global.o(.text) for BSP_Init
    main.o(.text) refers to os_core.o(.text) for OSInit
    main.o(.text) refers to os_task.o(.text) for OSTaskCreate
    main.o(.text) refers to os_time.o(.text) for OSTimeSet
    main.o(.text) refers to main.o(.bss) for startup_task_stk
    main.o(.text) refers to app.o(.text) for Task_Start
    filter.o(.text) refers to filter.o(.bss) for Temperature_filter1_data
    temperature.o(.text) refers to spi.o(.text) for SPI2_Write_Max31865_1
    temperature.o(.text) refers to time.o(.text) for Time3_Init
    temperature.o(.text) refers to filter.o(.text) for filter_init
    temperature.o(.text) refers to os_time.o(.text) for OSTimeDlyHMSM
    temperature.o(.text) refers to stm32f4xx_gpio.o(.text) for GPIO_ReadInputDataBit
    temperature.o(.text) refers to temperature.o(.data) for R_data
    temperature.o(.text) refers to filter.o(.bss) for Temperature_filter1
    temperature.o(.text) refers to dgus.o(.bss) for model4001
    temperature.o(.text) refers to temperature.o(.bss) for Temp_70
    moter.o(.text) refers to memcpya.o(.text) for __aeabi_memcpy
    moter.o(.text) refers to usart.o(.text) for comSendBuf
    moter.o(.text) refers to moter.o(.data) for HexFloat
    moter.o(.text) refers to moter.o(.constdata) for s_CRCHi
    moter.o(.text) refers to moter.o(.bss) for g_tModS
    moter.o(.text) refers to dgus.o(.bss) for model_1006
    moter.o(.text) refers to time.o(.text) for bsp_StartHardTimer
    fatfs.o(.text) refers to spi_sd_driver.o(.text) for SPI_Configuration
    fatfs.o(.text) refers to stm32f4xx_gpio.o(.text) for GPIO_ResetBits
    fatfs.o(.text) refers to usbh_core.o(.text) for USBH_Init
    fatfs.o(.text) refers to os_time.o(.text) for OSTimeDlyHMSM
    fatfs.o(.text) refers to printfa.o(i.__0printf) for __2printf
    fatfs.o(.text) refers to ff.o(.text) for f_mount
    fatfs.o(.text) refers to dgus.o(.text) for Dugs_send_config
    fatfs.o(.text) refers to f2d.o(.text) for __aeabi_f2d
    fatfs.o(.text) refers to printfa.o(i.__0sprintf) for __2sprintf
    fatfs.o(.text) refers to usbh_usr.o(.data) for USR_cb
    fatfs.o(.text) refers to usbh_msc_core.o(.data) for USBH_MSC_cb
    fatfs.o(.text) refers to usbh_usr.o(.bss) for USB_Host
    fatfs.o(.text) refers to fatfs.o(.bss) for fs
    fatfs.o(.text) refers to fatfs.o(.data) for res_sd
    fatfs.o(.text) refers to dgus.o(.bss) for model_1006
    fatfs.o(.text) refers to ftl.o(.text) for FTL_Format
    fatfs.o(.text) refers to usart.o(.text) for comSendBuf
[...]
    TIM_SetCompare3                          0x080096f3   Thumb Code     4  stm32f4xx_tim.o(.text)
    TIM_SetCompare4                          0x080096f7   Thumb Code     4  stm32f4xx_tim.o(.text)
    TIM_ForcedOC1Config                      0x080096fb   Thumb Code    18  stm32f4xx_tim.o(.text)
    TIM_ForcedOC2Config                      0x0800970d   Thumb Code    26  stm32f4xx_tim.o(.text)
    TIM_ForcedOC3Config                      0x08009727   Thumb Code    18  stm32f4xx_tim.o(.text)
    TIM_ForcedOC4Config                      0x08009739   Thumb Code    26  stm32f4xx_tim.o(.text)
    TIM_OC1PreloadConfig                     0x08009753   Thumb Code    18  stm32f4xx_tim.o(.text)
    TIM_OC2PreloadConfig                     0x08009765   Thumb Code    26  stm32f4xx_tim.o(.text)
    TIM_OC3PreloadConfig                     0x0800977f   Thumb Code    18  stm32f4xx_tim.o(.text)
    TIM_OC4PreloadConfig                     0x08009791   Thumb Code    26  stm32f4xx_tim.o(.text)
    TIM_OC1FastConfig                        0x080097ab   Thumb Code    18  stm32f4xx_tim.o(.text)
    TIM_OC2FastConfig                        0x080097bd   Thumb Code    26  stm32f4xx_tim.o(.text)
    TIM_OC3FastConfig                        0x080097d7   Thumb Code    18  stm32f4xx_tim.o(.text)
    TIM_OC4FastConfig                        0x080097e9   Thumb Code    26  stm32f4xx_tim.o(.text)
    TIM_ClearOC1Ref                          0x08009803   Thumb Code    18  stm32f4xx_tim.o(.text)
    TIM_ClearOC2Ref                          0x08009815   Thumb Code    24  stm32f4xx_tim.o(.text)
    TIM_ClearOC3Ref                          0x0800982d   Thumb Code    18  stm32f4xx_tim.o(.text)
    TIM_ClearOC4Ref                          0x0800983f   Thumb Code    24  stm32f4xx_tim.o(.text)
    TIM_OC1PolarityConfig                    0x08009857   Thumb Code    18  stm32f4xx_tim.o(.text)
    TIM_OC1NPolarityConfig                   0x08009869   Thumb Code    18  stm32f4xx_tim.o(.text)
    TIM_OC2PolarityConfig                    0x0800987b   Thumb Code    26  stm32f4xx_tim.o(.text)
    TIM_OC2NPolarityConfig                   0x08009895   Thumb Code    26  stm32f4xx_tim.o(.text)
    TIM_OC3PolarityConfig                    0x080098af   Thumb Code    26  stm32f4xx_tim.o(.text)
    TIM_OC3NPolarityConfig                   0x080098c9   Thumb Code    26  stm32f4xx_tim.o(.text)
    TIM_OC4PolarityConfig                    0x080098e3   Thumb Code    26  stm32f4xx_tim.o(.text)
    TIM_CCxCmd                               0x080098fd   Thumb Code    30  stm32f4xx_tim.o(.text)
    TIM_CCxNCmd                              0x0800991b   Thumb Code    30  stm32f4xx_tim.o(.text)
    TIM_SetIC4Prescaler                      0x08009939   Thumb Code    26  stm32f4xx_tim.o(.text)
    TIM_SetIC3Prescaler                      0x080099a3   Thumb Code    18  stm32f4xx_tim.o(.text)
    TIM_SetIC2Prescaler                      0x080099fd   Thumb Code    26  stm32f4xx_tim.o(.text)
    TIM_SetIC1Prescaler                      0x08009a71   Thumb Code    18  stm32f4xx_tim.o(.text)
    TIM_ICInit                               0x08009abd   Thumb Code   110  stm32f4xx_tim.o(.text)
    TIM_ICStructInit                         0x08009b2b   Thumb Code    18  stm32f4xx_tim.o(.text)
    TIM_PWMIConfig                           0x08009b3d   Thumb Code   124  stm32f4xx_tim.o(.text)
    TIM_GetCapture1                          0x08009bb9   Thumb Code     6  stm32f4xx_tim.o(.text)
    TIM_GetCapture2                          0x08009bbf   Thumb Code     6  stm32f4xx_tim.o(.text)
    TIM_GetCapture3                          0x08009bc5   Thumb Code     6  stm32f4xx_tim.o(.text)
    TIM_GetCapture4                          0x08009bcb   Thumb Code     6  stm32f4xx_tim.o(.text)
    TIM_BDTRConfig                           0x08009bd1   Thumb Code    32  stm32f4xx_tim.o(.text)
    TIM_BDTRStructInit                       0x08009bf1   Thumb Code    18  stm32f4xx_tim.o(.text)
    TIM_CtrlPWMOutputs                       0x08009c03   Thumb Code    30  stm32f4xx_tim.o(.text)
    TIM_SelectCOM                            0x08009c21   Thumb Code    24  stm32f4xx_tim.o(.text)
    TIM_CCPreloadControl                     0x08009c39   Thumb Code    24  stm32f4xx_tim.o(.text)
    TIM_ITConfig                             0x08009c51   Thumb Code    18  stm32f4xx_tim.o(.text)
    TIM_GenerateEvent                        0x08009c63   Thumb Code     4  stm32f4xx_tim.o(.text)
    TIM_GetFlagStatus                        0x08009c67   Thumb Code    18  stm32f4xx_tim.o(.text)
    TIM_ClearFlag                            0x08009c79   Thumb Code     6  stm32f4xx_tim.o(.text)
    TIM_GetITStatus                          0x08009c7f   Thumb Code    34  stm32f4xx_tim.o(.text)
    TIM_ClearITPendingBit                    0x08009ca1   Thumb Code     6  stm32f4xx_tim.o(.text)
    TIM_DMAConfig                            0x08009ca7   Thumb Code    10  stm32f4xx_tim.o(.text)
    TIM_DMACmd                               0x08009cb1   Thumb Code    18  stm32f4xx_tim.o(.text)
    TIM_SelectCCDMA                          0x08009cc3   Thumb Code    24  stm32f4xx_tim.o(.text)
    TIM_InternalClockConfig                  0x08009cdb   Thumb Code    12  stm32f4xx_tim.o(.text)
    TIM_SelectInputTrigger                   0x08009ce7   Thumb Code    18  stm32f4xx_tim.o(.text)
    TIM_ITRxExternalClockConfig              0x08009cf9   Thumb Code    24  stm32f4xx_tim.o(.text)
    TIM_TIxExternalClockConfig               0x08009d11   Thumb Code    62  stm32f4xx_tim.o(.text)
    TIM_ETRConfig                            0x08009d4f   Thumb Code    28  stm32f4xx_tim.o(.text)
    TIM_ETRClockMode1Config                  0x08009d6b   Thumb Code    54  stm32f4xx_tim.o(.text)
    TIM_ETRClockMode2Config                  0x08009da1   Thumb Code    32  stm32f4xx_tim.o(.text)
    TIM_SelectOutputTrigger                  0x08009dc1   Thumb Code    18  stm32f4xx_tim.o(.text)
    TIM_SelectSlaveMode                      0x08009dd3   Thumb Code    18  stm32f4xx_tim.o(.text)
    TIM_SelectMasterSlaveMode                0x08009de5   Thumb Code    18  stm32f4xx_tim.o(.text)
    TIM_EncoderInterfaceConfig               0x08009df7   Thumb Code    66  stm32f4xx_tim.o(.text)
    TIM_SelectHallSensor                     0x08009e39   Thumb Code    24  stm32f4xx_tim.o(.text)
    TIM_RemapConfig                          0x08009e51   Thumb Code     6  stm32f4xx_tim.o(.text)
    USART_DeInit                             0x08009e59   Thumb Code   156  stm32f4xx_usart.o(.text)
    USART_Init                               0x08009ef5   Thumb Code   204  stm32f4xx_usart.o(.text)
    USART_StructInit                         0x08009fc1   Thumb Code    24  stm32f4xx_usart.o(.text)
    USART_ClockInit                          0x08009fd9   Thumb Code    32  stm32f4xx_usart.o(.text)
    USART_ClockStructInit                    0x08009ff9   Thumb Code    12  stm32f4xx_usart.o(.text)
    USART_Cmd                                0x0800a005   Thumb Code    24  stm32f4xx_usart.o(.text)
    USART_SetPrescaler                       0x0800a01d   Thumb Code    16  stm32f4xx_usart.o(.text)
    USART_OverSampling8Cmd                   0x0800a02d   Thumb Code    22  stm32f4xx_usart.o(.text)
    USART_OneBitMethodCmd                    0x0800a043   Thumb Code    24  stm32f4xx_usart.o(.text)
    USART_SendData                           0x0800a05b   Thumb Code     8  stm32f4xx_usart.o(.text)
    USART_ReceiveData                        0x0800a063   Thumb Code    10  stm32f4xx_usart.o(.text)
    USART_SetAddress                         0x0800a06d   Thumb Code    18  stm32f4xx_usart.o(.text)
    USART_ReceiverWakeUpCmd                  0x0800a07f   Thumb Code    24  stm32f4xx_usart.o(.text)
    USART_WakeUpConfig                       0x0800a097   Thumb Code    18  stm32f4xx_usart.o(.text)
    USART_LINBreakDetectLengthConfig         0x0800a0a9   Thumb Code    18  stm32f4xx_usart.o(.text)
    USART_LINCmd                             0x0800a0bb   Thumb Code    24  stm32f4xx_usart.o(.text)
    USART_SendBreak                          0x0800a0d3   Thumb Code    10  stm32f4xx_usart.o(.text)
    USART_HalfDuplexCmd                      0x0800a0dd   Thumb Code    24  stm32f4xx_usart.o(.text)
    USART_SetGuardTime                       0x0800a0f5   Thumb Code    16  stm32f4xx_usart.o(.text)
    USART_SmartCardCmd                       0x0800a105   Thumb Code    24  stm32f4xx_usart.o(.text)
    USART_SmartCardNACKCmd                   0x0800a11d   Thumb Code    24  stm32f4xx_usart.o(.text)
    USART_IrDAConfig                         0x0800a135   Thumb Code    18  stm32f4xx_usart.o(.text)
    USART_IrDACmd                            0x0800a147   Thumb Code    24  stm32f4xx_usart.o(.text)
    USART_DMACmd                             0x0800a15f   Thumb Code    18  stm32f4xx_usart.o(.text)
    USART_ITConfig                           0x0800a171   Thumb Code    74  stm32f4xx_usart.o(.text)
    USART_GetFlagStatus                      0x0800a1bb   Thumb Code    26  stm32f4xx_usart.o(.text)
    USART_ClearFlag                          0x0800a1d5   Thumb Code    18  stm32f4xx_usart.o(.text)
    USART_GetITStatus                        0x0800a1e7   Thumb Code   110  stm32f4xx_usart.o(.text)
    USART_ClearITPendingBit                  0x0800a255   Thumb Code    30  stm32f4xx_usart.o(.text)
    Reset_Handler                            0x0800a275   Thumb Code     8  startup_stm32f4xx.o(.text)
    ADC_IRQHandler                           0x0800a28f   Thumb Code     0  startup_stm32f4xx.o(.text)
    CAN1_RX0_IRQHandler                      0x0800a28f   Thumb Code     0  startup_stm32f4xx.o(.text)
    CAN1_RX1_IRQHandler                      0x0800a28f   Thumb Code     0  startup_stm32f4xx.o(.text)
    CAN1_SCE_IRQHandler                      0x0800a28f   Thumb Code     0  startup_stm32f4xx.o(.text)
    CAN1_TX_IRQHandler                       0x0800a28f   Thumb Code     0  startup_stm32f4xx.o(.text)
    CAN2_RX0_IRQHandler                      0x0800a28f   Thumb Code     0  startup_stm32f4xx.o(.text)
    CAN2_RX1_IRQHandler                      0x0800a28f   Thumb Code     0  startup_stm32f4xx.o(.text)
    CAN2_SCE_IRQHandler                      0x0800a28f   Thumb Code     0  startup_stm32f4xx.o(.text)
    CAN2_TX_IRQHandler                       0x0800a28f   Thumb Code     0  startup_stm32f4xx.o(.text)
    CRYP_IRQHandler                          0x0800a28f   Thumb Code     0  startup_stm32f4xx.o(.text)
    DCMI_IRQHandler                          0x0800a28f   Thumb Code     0  startup_stm32f4xx.o(.text)
    DMA1_Stream0_IRQHandler                  0x0800a28f   Thumb Code     0  startup_stm32f4xx.o(.text)
    DMA1_Stream1_IRQHandler                  0x0800a28f   Thumb Code     0  startup_stm32f4xx.o(.text)
    DMA1_Stream2_IRQHandler                  0x0800a28f   Thumb Code     0  startup_stm32f4xx.o(.text)
    DMA1_Stream3_IRQHandler                  0x0800a28f   Thumb Code     0  startup_stm32f4xx.o(.text)
    DMA1_Stream4_IRQHandler                  0x0800a28f   Thumb Code     0  startup_stm32f4xx.o(.text)
    DMA1_Stream5_IRQHandler                  0x0800a28f   Thumb Code     0  startup_stm32f4xx.o(.text)
    DMA1_Stream6_IRQHandler                  0x0800a28f   Thumb Code     0  startup_stm32f4xx.o(.text)
    DMA1_Stream7_IRQHandler                  0x0800a28f   Thumb Code     0  startup_stm32f4xx.o(.text)
    DMA2_Stream0_IRQHandler                  0x0800a28f   Thumb Code     0  startup_stm32f4xx.o(.text)
    DMA2_Stream1_IRQHandler                  0x0800a28f   Thumb Code     0  startup_stm32f4xx.o(.text)
    DMA2_Stream2_IRQHandler                  0x0800a28f   Thumb Code     0  startup_stm32f4xx.o(.text)
    DMA2_Stream3_IRQHandler                  0x0800a28f   Thumb Code     0  startup_stm32f4xx.o(.text)
    DMA2_Stream4_IRQHandler                  0x0800a28f   Thumb Code     0  startup_stm32f4xx.o(.text)
    DMA2_Stream5_IRQHandler                  0x0800a28f   Thumb Code     0  startup_stm32f4xx.o(.text)
    DMA2_Stream6_IRQHandler                  0x0800a28f   Thumb Code     0  startup_stm32f4xx.o(.text)
    DMA2_Stream7_IRQHandler                  0x0800a28f   Thumb Code     0  startup_stm32f4xx.o(.text)
    ETH_WKUP_IRQHandler                      0x0800a28f   Thumb Code     0  startup_stm32f4xx.o(.text)
    EXTI0_IRQHandler                         0x0800a28f   Thumb Code     0  startup_stm32f4xx.o(.text)
    EXTI1_IRQHandler                         0x0800a28f   Thumb Code     0  startup_stm32f4xx.o(.text)
    EXTI2_IRQHandler                         0x0800a28f   Thumb Code     0  startup_stm32f4xx.o(.text)
    EXTI3_IRQHandler                         0x0800a28f   Thumb Code     0  startup_stm32f4xx.o(.text)
    EXTI4_IRQHandler                         0x0800a28f   Thumb Code     0  startup_stm32f4xx.o(.text)
    FLASH_IRQHandler                         0x0800a28f   Thumb Code     0  startup_stm32f4xx.o(.text)
    FPU_IRQHandler                           0x0800a28f   Thumb Code     0  startup_stm32f4xx.o(.text)
    FSMC_IRQHandler                          0x0800a28f   Thumb Code     0  startup_stm32f4xx.o(.text)
    HASH_RNG_IRQHandler                      0x0800a28f   Thumb Code     0  startup_stm32f4xx.o(.text)
    I2C1_ER_IRQHandler                       0x0800a28f   Thumb Code     0  startup_stm32f4xx.o(.text)
    I2C1_EV_IRQHandler                       0x0800a28f   Thumb Code     0  startup_stm32f4xx.o(.text)
    I2C2_ER_IRQHandler                       0x0800a28f   Thumb Code     0  startup_stm32f4xx.o(.text)
    I2C2_EV_IRQHandler                       0x0800a28f   Thumb Code     0  startup_stm32f4xx.o(.text)
    I2C3_ER_IRQHandler                       0x0800a28f   Thumb Code     0  startup_stm32f4xx.o(.text)
    I2C3_EV_IRQHandler                       0x0800a28f   Thumb Code     0  startup_stm32f4xx.o(.text)
    OTG_FS_WKUP_IRQHandler                   0x0800a28f   Thumb Code     0  startup_stm32f4xx.o(.text)
    OTG_HS_EP1_IN_IRQHandler                 0x0800a28f   Thumb Code     0  startup_stm32f4xx.o(.text)
    OTG_HS_EP1_OUT_IRQHandler                0x0800a28f   Thumb Code     0  startup_stm32f4xx.o(.text)
    OTG_HS_IRQHandler                        0x0800a28f   Thumb Code     0  startup_stm32f4xx.o(.text)
    OTG_HS_WKUP_IRQHandler                   0x0800a28f   Thumb Code     0  startup_stm32f4xx.o(.text)
    PVD_IRQHandler                           0x0800a28f   Thumb Code     0  startup_stm32f4xx.o(.text)
    RCC_IRQHandler                           0x0800a28f   Thumb Code     0  startup_stm32f4xx.o(.text)
    RTC_Alarm_IRQHandler                     0x0800a28f   Thumb Code     0  startup_stm32f4xx.o(.text)
    RTC_WKUP_IRQHandler                      0x0800a28f   Thumb Code     0  startup_stm32f4xx.o(.text)
    SDIO_IRQHandler                          0x0800a28f   Thumb Code     0  startup_stm32f4xx.o(.text)
    SPI1_IRQHandler                          0x0800a28f   Thumb Code     0  startup_stm32f4xx.o(.text)
    SPI2_IRQHandler                          0x0800a28f   Thumb Code     0  startup_stm32f4xx.o(.text)
    SPI3_IRQHandler                          0x0800a28f   Thumb Code     0  startup_stm32f4xx.o(.text)
    TAMP_STAMP_IRQHandler                    0x0800a28f   Thumb Code     0  startup_stm32f4xx.o(.text)
    TIM1_BRK_TIM9_IRQHandler                 0x0800a28f   Thumb Code     0  startup_stm32f4xx.o(.text)
    TIM1_CC_IRQHandler                       0x0800a28f   Thumb Code     0  startup_stm32f4xx.o(.text)
    TIM1_TRG_COM_TIM11_IRQHandler            0x0800a28f   Thumb Code     0  startup_stm32f4xx.o(.text)
    TIM1_UP_TIM10_IRQHandler                 0x0800a28f   Thumb Code     0  startup_stm32f4xx.o(.text)
    TIM4_IRQHandler                          0x0800a28f   Thumb Code     0  startup_stm32f4xx.o(.text)
    TIM5_IRQHandler                          0x0800a28f   Thumb Code     0  startup_stm32f4xx.o(.text)
    TIM6_DAC_IRQHandler                      0x0800a28f   Thumb Code     0  startup_stm32f4xx.o(.text)
    TIM7_IRQHandler                          0x0800a28f   Thumb Code     0  startup_stm32f4xx.o(.text)
    TIM8_BRK_TIM12_IRQHandler                0x0800a28f   Thumb Code     0  startup_stm32f4xx.o(.text)
    TIM8_CC_IRQHandler                       0x0800a28f   Thumb Code     0  startup_stm32f4xx.o(.text)
    TIM8_TRG_COM_TIM14_IRQHandler            0x0800a28f   Thumb Code     0  startup_stm32f4xx.o(.text)
    TIM8_UP_TIM13_IRQHandler                 0x0800a28f   Thumb Code     0  startup_stm32f4xx.o(.text)
    UART5_IRQHandler                         0x0800a28f   Thumb Code     0  startup_stm32f4xx.o(.text)
    WWDG_IRQHandler                          0x0800a28f   Thumb Code     0  startup_stm32f4xx.o(.text)
    SystemInit                               0x0800a375   Thumb Code    88  system_stm32f4xx.o(.text)
    SystemCoreClockUpdate                    0x0800a3cd   Thumb Code   174  system_stm32f4xx.o(.text)
    OS_StrLen                                0x0800a4a9   Thumb Code    20  os_core.o(.text)
    OSEventNameGet                           0x0800a4bd   Thumb Code    98  os_core.o(.text)
    OSEventNameSet                           0x0800a51f   Thumb Code    84  os_core.o(.text)
    OS_EventTaskRemoveMulti                  0x0800a573   Thumb Code    58  os_core.o(.text)
    OS_Sched                                 0x0800a5c7   Thumb Code    88  os_core.o(.text)
    OS_EventTaskWaitMulti                    0x0800a61f   Thumb Code   136  os_core.o(.text)
    OSEventPendMulti                         0x0800a6a7   Thumb Code   712  os_core.o(.text)
    OS_TaskStatStkChk                        0x0800a96f   Thumb Code    54  os_core.o(.text)
    OS_TaskStat                              0x0800a9a5   Thumb Code   114  os_core.o(.text)
    OS_TaskIdle                              0x0800aa4b   Thumb Code    32  os_core.o(.text)
    OS_MemClr                                0x0800aa9f   Thumb Code    18  os_core.o(.text)
    OSInit                                   0x0800ab8f   Thumb Code    52  os_core.o(.text)
    OSIntEnter                               0x0800abc3   Thumb Code    44  os_core.o(.text)
    OSIntExit                                0x0800abef   Thumb Code   112  os_core.o(.text)
    OSSchedLock                              0x0800ac5f   Thumb Code    50  os_core.o(.text)
    OSSchedUnlock                            0x0800ac91   Thumb Code   232  os_core.o(.text)
    OSStart                                  0x0800ad79   Thumb Code    48  os_core.o(.text)
    OSStatInit                               0x0800ada9   Thumb Code    62  os_core.o(.text)
    OSTimeTick                               0x0800ade7   Thumb Code   210  os_core.o(.text)
    OSVersion                                0x0800aeb9   Thumb Code     6  os_core.o(.text)
    OS_Dummy                                 0x0800aebf   Thumb Code     2  os_core.o(.text)
    OS_EventTaskRemove                       0x0800aec1   Thumb Code    42  os_core.o(.text)
    OS_EventTaskRdy                          0x0800aeeb   Thumb Code   128  os_core.o(.text)
    OS_EventTaskWait                         0x0800af6b   Thumb Code   112  os_core.o(.text)
    OS_EventWaitListInit                     0x0800afdb   Thumb Code    28  os_core.o(.text)
    OS_MemCopy                               0x0800aff7   Thumb Code    20  os_core.o(.text)
    OS_TCBInit                               0x0800b00b   Thumb Code   282  os_core.o(.text)
    OSFlagAccept                             0x0800b169   Thumb Code   252  os_flag.o(.text)
    OSFlagCreate                             0x0800b265   Thumb Code    86  os_flag.o(.text)
    OS_FlagUnlink                            0x0800b2bb   Thumb Code    36  os_flag.o(.text)
    OSFlagDel                                0x0800b331   Thumb Code   214  os_flag.o(.text)
    OSFlagNameGet                            0x0800b407   Thumb Code    80  os_flag.o(.text)
    OSFlagNameSet                            0x0800b457   Thumb Code    66  os_flag.o(.text)
    OSFlagPend                               0x0800b531   Thumb Code   614  os_flag.o(.text)
    OSFlagPendGetFlagsRdy                    0x0800b797   Thumb Code    26  os_flag.o(.text)
    OSFlagPost                               0x0800b7b1   Thumb Code   312  os_flag.o(.text)
    OSFlagQuery                              0x0800b8e9   Thumb Code    48  os_flag.o(.text)
    OS_FlagInit                              0x0800b919   Thumb Code    64  os_flag.o(.text)
    OSMemCreate                              0x0800b965   Thumb Code   114  os_mem.o(.text)
    OSMemGet                                 0x0800b9d7   Thumb Code    62  os_mem.o(.text)
    OSMemNameGet                             0x0800ba15   Thumb Code    60  os_mem.o(.text)
    OSMemNameSet                             0x0800ba51   Thumb Code    48  os_mem.o(.text)
    OSMemPut                                 0x0800ba81   Thumb Code    54  os_mem.o(.text)
    OSMemQuery                               0x0800bab7   Thumb Code    52  os_mem.o(.text)
    OS_MemInit                               0x0800baeb   Thumb Code    60  os_mem.o(.text)
    OSQAccept                                0x0800bb39   Thumb Code    88  os_q.o(.text)
    OSQCreate                                0x0800bb91   Thumb Code   144  os_q.o(.text)
    OSQDel                                   0x0800bc21   Thumb Code   244  os_q.o(.text)
    OSQFlush                                 0x0800bd15   Thumb Code    36  os_q.o(.text)
    OSQPend                                  0x0800bd39   Thumb Code   278  os_q.o(.text)
    OSQPendAbort                             0x0800be4f   Thumb Code   128  os_q.o(.text)
    OSQPost                                  0x0800becf   Thumb Code   114  os_q.o(.text)
    OSQPostFront                             0x0800bf41   Thumb Code   142  os_q.o(.text)
    OSQPostOpt                               0x0800bfcf   Thumb Code   182  os_q.o(.text)
    OSQQuery                                 0x0800c085   Thumb Code    98  os_q.o(.text)
    OS_QInit                                 0x0800c0e7   Thumb Code    46  os_q.o(.text)
    OSSemAccept                              0x0800c11d   Thumb Code    42  os_sem.o(.text)
    OSSemCreate                              0x0800c147   Thumb Code    72  os_sem.o(.text)
    OSSemDel                                 0x0800c18f   Thumb Code   210  os_sem.o(.text)
    OSSemPend                                0x0800c261   Thumb Code   228  os_sem.o(.text)
    OSSemPendAbort                           0x0800c345   Thumb Code   128  os_sem.o(.text)
    OSSemPost                                0x0800c3c5   Thumb Code    88  os_sem.o(.text)
    OSSemQuery                               0x0800c41d   Thumb Code    82  os_sem.o(.text)
    OSSemSet                                 0x0800c46f   Thumb Code    66  os_sem.o(.text)
    OSTaskChangePrio                         0x0800c4c5   Thumb Code   396  os_task.o(.text)
    OSTaskCreate                             0x0800c651   Thumb Code   148  os_task.o(.text)
    OS_TaskStkClr                            0x0800c6e5   Thumb Code    26  os_task.o(.text)
    OSTaskCreateExt                          0x0800c6ff   Thumb Code   170  os_task.o(.text)
    OSTaskDel                                0x0800c7a9   Thumb Code   352  os_task.o(.text)
    OSTaskDelReq                             0x0800c909   Thumb Code   100  os_task.o(.text)
    OSTaskNameGet                            0x0800c96d   Thumb Code   114  os_task.o(.text)
    OSTaskNameSet                            0x0800c9df   Thumb Code    98  os_task.o(.text)
    OSTaskResume                             0x0800ca41   Thumb Code   154  os_task.o(.text)
    OSTaskStkChk                             0x0800cadb   Thumb Code   132  os_task.o(.text)
    OSTaskSuspend                            0x0800cb5f   Thumb Code   152  os_task.o(.text)
    OSTaskQuery                              0x0800cbf7   Thumb Code    82  os_task.o(.text)
    OSTaskRegGet                             0x0800cc49   Thumb Code    60  os_task.o(.text)
    OSTaskRegSet                             0x0800cc85   Thumb Code    62  os_task.o(.text)
    OS_TaskReturn                            0x0800ccc3   Thumb Code    18  os_task.o(.text)
    OSTimeDly                                0x0800cced   Thumb Code    92  os_time.o(.text)
    OSTimeDlyHMSM                            0x0800cd49   Thumb Code    76  os_time.o(.text)
    OSTimeDlyResume                          0x0800cd95   Thumb Code   168  os_time.o(.text)
    OSTimeGet                                0x0800ce3d   Thumb Code    24  os_time.o(.text)
    OSTimeSet                                0x0800ce55   Thumb Code    24  os_time.o(.text)
    OSTmrCreate                              0x0800ceb7   Thumb Code    96  os_tmr.o(.text)
    OSTmrDel                                 0x0800cf8f   Thumb Code   124  os_tmr.o(.text)
    OSTmrNameGet                             0x0800d00b   Thumb Code   114  os_tmr.o(.text)
    OSTmrRemainGet                           0x0800d07d   Thumb Code   164  os_tmr.o(.text)
    OSTmrStateGet                            0x0800d121   Thumb Code    86  os_tmr.o(.text)
    OSTmrStart                               0x0800d1db   Thumb Code   128  os_tmr.o(.text)
    OSTmrStop                                0x0800d25b   Thumb Code   210  os_tmr.o(.text)
    OSTmrSignal                              0x0800d32d   Thumb Code    16  os_tmr.o(.text)
    OSTmr_Init                               0x0800d3df   Thumb Code   150  os_tmr.o(.text)
    OSInitHookBegin                          0x0800d4dd   Thumb Code    14  os_cpu_c.o(.text)
    OSInitHookEnd                            0x0800d4eb   Thumb Code     8  os_cpu_c.o(.text)
    OSTaskCreateHook                         0x0800d4f3   Thumb Code     2  os_cpu_c.o(.text)
    OSTaskDelHook                            0x0800d4f5   Thumb Code     2  os_cpu_c.o(.text)
    OSTaskIdleHook                           0x0800d4f7   Thumb Code     2  os_cpu_c.o(.text)
    OSTaskReturnHook                         0x0800d4f9   Thumb Code     2  os_cpu_c.o(.text)
    OSTaskStatHook                           0x0800d4fb   Thumb Code     2  os_cpu_c.o(.text)
    OSTaskStkInit                            0x0800d4fd   Thumb Code   210  os_cpu_c.o(.text)
    OSTaskSwHook                             0x0800d5cf   Thumb Code     2  os_cpu_c.o(.text)
    OSTCBInitHook                            0x0800d5d1   Thumb Code     2  os_cpu_c.o(.text)
    OSTimeTickHook                           0x0800d5d3   Thumb Code    30  os_cpu_c.o(.text)
    OS_CPU_SysTickHandler                    0x0800d5f1   Thumb Code    34  os_cpu_c.o(.text)
    OS_CPU_SysTickInit                       0x0800d613   Thumb Code    42  os_cpu_c.o(.text)
    OS_CPU_SR_Save                           0x0800d64d   Thumb Code     0  os_cpu_a.o(.text)
    OS_CPU_SR_Restore                        0x0800d655   Thumb Code     0  os_cpu_a.o(.text)
    OSStartHighRdy                           0x0800d65b   Thumb Code     0  os_cpu_a.o(.text)
    OSCtxSw                                  0x0800d67b   Thumb Code     0  os_cpu_a.o(.text)
    OSIntCtxSw                               0x0800d685   Thumb Code     0  os_cpu_a.o(.text)
    OS_CPU_PendSVHandler                     0x0800d68f   Thumb Code     0  os_cpu_a.o(.text)
    CPU_IntDisable                           0x0800d6e9   Thumb Code     0  os_cpu_a.o(.text)
    CPU_IntEnable                            0x0800d6ed   Thumb Code     0  os_cpu_a.o(.text)
    disk_initialize                          0x0800d711   Thumb Code    74  diskio.o(.text)
    disk_status                              0x0800d75b   Thumb Code    42  diskio.o(.text)
    disk_read                                0x0800d785   Thumb Code   114  diskio.o(.text)
    disk_write                               0x0800d7f7   Thumb Code   100  diskio.o(.text)
    disk_ioctl                               0x0800d85b   Thumb Code   238  diskio.o(.text)
    get_fattime                              0x0800d949   Thumb Code    62  diskio.o(.text)
    SPI_Configuration                        0x0800d999   Thumb Code   242  spi_sd_driver.o(.text)
    SPI_SetSpeed                             0x0800da8b   Thumb Code   100  spi_sd_driver.o(.text)
    SPI_ReadWriteByte                        0x0800daef   Thumb Code    54  spi_sd_driver.o(.text)
    SD_WaitReady                             0x0800db25   Thumb Code    34  spi_sd_driver.o(.text)
    SD_SendCommand                           0x0800db47   Thumb Code   112  spi_sd_driver.o(.text)
    SD_SendCommand_NoDeassert                0x0800dbb7   Thumb Code   100  spi_sd_driver.o(.text)
    SD_IO_Configuration                      0x0800dc1b   Thumb Code    72  spi_sd_driver.o(.text)
    SD_Init                                  0x0800dc63   Thumb Code   532  spi_sd_driver.o(.text)
    SD_ReceiveData                           0x0800de77   Thumb Code   118  spi_sd_driver.o(.text)
    SD_GetCID                                0x0800deed   Thumb Code    36  spi_sd_driver.o(.text)
    SD_GetCSD                                0x0800df11   Thumb Code    36  spi_sd_driver.o(.text)
    SD_GetCapacity                           0x0800df35   Thumb Code   170  spi_sd_driver.o(.text)
    SD_ReadSingleBlock                       0x0800dfdf   Thumb Code    62  spi_sd_driver.o(.text)
    SD_WriteSingleBlock                      0x0800e01d   Thumb Code   200  spi_sd_driver.o(.text)
    SD_ReadMultiBlock                        0x0800e0e5   Thumb Code   112  spi_sd_driver.o(.text)
    SD_WriteMultiBlock                       0x0800e155   Thumb Code   238  spi_sd_driver.o(.text)
    clust2sect                               0x0800e5ef   Thumb Code    26  ff.o(.text)
    get_fat                                  0x0800e609   Thumb Code   232  ff.o(.text)
    put_fat                                  0x0800e6f1   Thumb Code   310  ff.o(.text)
    gen_numname                              0x0800ed03   Thumb Code   190  ff.o(.text)
    f_mount                                  0x0800fa5b   Thumb Code    48  ff.o(.text)
    f_open                                   0x0800fa8b   Thumb Code   416  ff.o(.text)
    f_read                                   0x0800fc2b   Thumb Code   460  ff.o(.text)
    f_write                                  0x0800fdf7   Thumb Code   530  ff.o(.text)
    f_sync                                   0x08010009   Thumb Code   176  ff.o(.text)
    f_close                                  0x080100b9   Thumb Code    32  ff.o(.text)
    f_chdrive                                0x080100d9   Thumb Code    18  ff.o(.text)
    f_chdir                                  0x080100eb   Thumb Code    92  ff.o(.text)
    f_getcwd                                 0x08010147   Thumb Code   314  ff.o(.text)
    f_lseek                                  0x08010281   Thumb Code   430  ff.o(.text)
    f_opendir                                0x0801042f   Thumb Code   120  ff.o(.text)
    f_readdir                                0x080104a7   Thumb Code   104  ff.o(.text)
    f_stat                                   0x0801050f   Thumb Code    66  ff.o(.text)
    f_getfree                                0x08010551   Thumb Code   260  ff.o(.text)
    f_truncate                               0x08010655   Thumb Code   154  ff.o(.text)
    f_unlink                                 0x080106ef   Thumb Code   210  ff.o(.text)
    f_mkdir                                  0x080107c1   Thumb Code   372  ff.o(.text)
    f_chmod                                  0x08010935   Thumb Code   104  ff.o(.text)
    f_utime                                  0x0801099d   Thumb Code   106  ff.o(.text)
    f_rename                                 0x08010a07   Thumb Code   308  ff.o(.text)
    f_mkfs                                   0x08010b3b   Thumb Code  1584  ff.o(.text)
    f_gets                                   0x0801116b   Thumb Code    86  ff.o(.text)
    f_putc                                   0x080111c1   Thumb Code    50  ff.o(.text)
    f_puts                                   0x080111f3   Thumb Code    42  ff.o(.text)
    f_printf                                 0x0801121d   Thumb Code   698  ff.o(.text)
    ff_convert                               0x080114d9   Thumb Code   116  cc936.o(.text)
    ff_wtoupper                              0x0801154d   Thumb Code    46  cc936.o(.text)
    USBH_MSC_TestUnitReady                   0x0801158d   Thumb Code   162  usbh_msc_scsi.o(.text)
    USBH_MSC_ReadCapacity10                  0x0801162f   Thumb Code   202  usbh_msc_scsi.o(.text)
    USBH_MSC_ModeSense6                      0x080116f9   Thumb Code   192  usbh_msc_scsi.o(.text)
    USBH_MSC_RequestSense                    0x080117b9   Thumb Code   208  usbh_msc_scsi.o(.text)
    USBH_MSC_Write10                         0x08011889   Thumb Code   218  usbh_msc_scsi.o(.text)
    USBH_MSC_Read10                          0x08011963   Thumb Code   272  usbh_msc_scsi.o(.text)
    USBH_MSC_ErrorHandle                     0x08011ba1   Thumb Code    58  usbh_msc_core.o(.text)
    USBH_MSC_Init                            0x08011dcd   Thumb Code    44  usbh_msc_bot.o(.text)
    USBH_MSC_BOT_Abort                       0x08011df9   Thumb Code    86  usbh_msc_bot.o(.text)
    USBH_MSC_DecodeCSW                       0x08011e4f   Thumb Code   108  usbh_msc_bot.o(.text)
    USBH_MSC_HandleBOTXfer                   0x08011ebb   Thumb Code   866  usbh_msc_bot.o(.text)
    USBH_GetDescriptor                       0x08012279   Thumb Code    68  usbh_stdreq.o(.text)
    USBH_Get_DevDesc                         0x080122bd   Thumb Code    56  usbh_stdreq.o(.text)
    USBH_GetNextDesc                         0x0801233b   Thumb Code    18  usbh_stdreq.o(.text)
    USBH_Get_CfgDesc                         0x0801245f   Thumb Code    88  usbh_stdreq.o(.text)
    USBH_Get_StringDesc                      0x080124ed   Thumb Code    60  usbh_stdreq.o(.text)
    USBH_SetAddress                          0x08012529   Thumb Code    38  usbh_stdreq.o(.text)
    USBH_SetCfg                              0x0801254f   Thumb Code    38  usbh_stdreq.o(.text)
    USBH_SetInterface                        0x08012575   Thumb Code    44  usbh_stdreq.o(.text)
    USBH_ClrFeature                          0x080125a1   Thumb Code    76  usbh_stdreq.o(.text)
    USBH_CtlReq                              0x08012611   Thumb Code   100  usbh_ioreq.o(.text)
    USBH_CtlSendSetup                        0x08012675   Thumb Code    66  usbh_ioreq.o(.text)
    USBH_CtlSendData                         0x080126b7   Thumb Code   110  usbh_ioreq.o(.text)
    USBH_CtlReceiveData                      0x08012725   Thumb Code    70  usbh_ioreq.o(.text)
    USBH_BulkSendData                        0x0801276b   Thumb Code    94  usbh_ioreq.o(.text)
    USBH_BulkReceiveData                     0x080127c9   Thumb Code    96  usbh_ioreq.o(.text)
    USBH_InterruptReceiveData                0x08012829   Thumb Code   120  usbh_ioreq.o(.text)
    USBH_InterruptSendData                   0x080128a1   Thumb Code   118  usbh_ioreq.o(.text)
    USBH_IsocReceiveData                     0x08012917   Thumb Code    70  usbh_ioreq.o(.text)
    USBH_IsocSendData                        0x0801295d   Thumb Code    68  usbh_ioreq.o(.text)
    USBH_Open_Channel                        0x080129a1   Thumb Code   154  usbh_hcs.o(.text)
    USBH_Modify_Channel                      0x08012a3b   Thumb Code   100  usbh_hcs.o(.text)
    USBH_Alloc_Channel                       0x08012ac7   Thumb Code    38  usbh_hcs.o(.text)
    USBH_Free_Channel                        0x08012aed   Thumb Code    30  usbh_hcs.o(.text)
    USBH_DeAllocate_AllChannel               0x08012b0b   Thumb Code    28  usbh_hcs.o(.text)
    USBH_Connected                           0x08012b29   Thumb Code    12  usbh_core.o(.text)
    USBH_Disconnected                        0x08012b35   Thumb Code    12  usbh_core.o(.text)
    USBH_SOF                                 0x08012b41   Thumb Code     6  usbh_core.o(.text)
    USBH_DeInit                              0x08012b47   Thumb Code    58  usbh_core.o(.text)
    USBH_Init                                0x08012b81   Thumb Code    68  usbh_core.o(.text)
    USBH_HandleControl                       0x08012bc5   Thumb Code   544  usbh_core.o(.text)
    USBH_ErrorHandle                         0x08012de5   Thumb Code    46  usbh_core.o(.text)
    USBH_Process                             0x08012feb   Thumb Code   420  usbh_core.o(.text)
    USBH_OTG_ISR_Handler                     0x08013f57   Thumb Code   168  usb_hcd_int.o(.text)
    HCD_Init                                 0x08014005   Thumb Code    96  usb_hcd.o(.text)
    HCD_GetCurrentSpeed                      0x08014065   Thumb Code    20  usb_hcd.o(.text)
    HCD_ResetPort                            0x08014079   Thumb Code    14  usb_hcd.o(.text)
    HCD_IsDeviceConnected                    0x08014087   Thumb Code     8  usb_hcd.o(.text)
    HCD_GetCurrentFrame                      0x0801408f   Thumb Code    10  usb_hcd.o(.text)
    HCD_GetURB_State                         0x08014099   Thumb Code    10  usb_hcd.o(.text)
    HCD_GetXferCnt                           0x080140a3   Thumb Code    12  usb_hcd.o(.text)
    HCD_GetHCState                           0x080140af   Thumb Code    10  usb_hcd.o(.text)
    HCD_HC_Init                              0x080140b9   Thumb Code    16  usb_hcd.o(.text)
    HCD_SubmitRequest                        0x080140c9   Thumb Code    32  usb_hcd.o(.text)
    USB_OTG_WritePacket                      0x08014189   Thumb Code    64  usb_core.o(.text)
    USB_OTG_ReadPacket                       0x080141c9   Thumb Code    40  usb_core.o(.text)
    USB_OTG_SelectCore                       0x080141f1   Thumb Code   204  usb_core.o(.text)
    USB_OTG_CoreInit                         0x080142bd   Thumb Code   294  usb_core.o(.text)
    USB_OTG_EnableGlobalInt                  0x080143e3   Thumb Code    34  usb_core.o(.text)
    USB_OTG_DisableGlobalInt                 0x08014405   Thumb Code    34  usb_core.o(.text)
    USB_OTG_FlushTxFifo                      0x08014427   Thumb Code    80  usb_core.o(.text)
    USB_OTG_FlushRxFifo                      0x08014477   Thumb Code    70  usb_core.o(.text)
    USB_OTG_SetCurrentMode                   0x080144bd   Thumb Code    78  usb_core.o(.text)
    USB_OTG_GetMode                          0x0801450b   Thumb Code    22  usb_core.o(.text)
    USB_OTG_IsDeviceMode                     0x08014521   Thumb Code    22  usb_core.o(.text)
    USB_OTG_IsHostMode                       0x08014537   Thumb Code    20  usb_core.o(.text)
    USB_OTG_ReadCoreItr                      0x0801454b   Thumb Code    16  usb_core.o(.text)
    USB_OTG_ReadOtgItr                       0x0801455b   Thumb Code     8  usb_core.o(.text)
    USB_OTG_EnableHostInt                    0x08014563   Thumb Code   116  usb_core.o(.text)
    USB_OTG_ReadHPRT0                        0x080145d7   Thumb Code    48  usb_core.o(.text)
    USB_OTG_DriveVbus                        0x08014607   Thumb Code    92  usb_core.o(.text)
    USB_OTG_ResetPort                        0x08014663   Thumb Code    64  usb_core.o(.text)
    USB_OTG_InitFSLSPClkSel                  0x080146a3   Thumb Code    24  usb_core.o(.text)
    USB_OTG_CoreInitHost                     0x080146bb   Thumb Code   214  usb_core.o(.text)
    USB_OTG_IsEvenFrame                      0x08014791   Thumb Code    16  usb_core.o(.text)
    USB_OTG_ReadHostAllChannels_intr         0x080147a1   Thumb Code     8  usb_core.o(.text)
    USB_OTG_HC_Init                          0x080147a9   Thumb Code   568  usb_core.o(.text)
    USB_OTG_HC_StartXfer                     0x080149e1   Thumb Code   502  usb_core.o(.text)
    USB_OTG_HC_Halt                          0x08014bd7   Thumb Code   130  usb_core.o(.text)
    USB_OTG_HC_DoPing                        0x08014c59   Thumb Code    90  usb_core.o(.text)
    USB_OTG_StopHost                         0x08014cb3   Thumb Code    96  usb_core.o(.text)
    USB_OTG_BSP_Init                         0x08014d15   Thumb Code    80  usb_bsp.o(.text)
    USB_OTG_BSP_EnableInterrupt              0x08014d65   Thumb Code    42  usb_bsp.o(.text)
    USB_OTG_BSP_DriveVBUS                    0x08014d8f   Thumb Code     2  usb_bsp.o(.text)
    USB_OTG_BSP_ConfigVBUS                   0x08014d91   Thumb Code     2  usb_bsp.o(.text)
    USB_OTG_BSP_uDelay                       0x08014d93   Thumb Code    34  usb_bsp.o(.text)
    USB_OTG_BSP_mDelay                       0x08014db5   Thumb Code    18  usb_bsp.o(.text)
    USB_OTG_BSP_TimerIRQ                     0x08014dc7   Thumb Code     2  usb_bsp.o(.text)
    OTG_FS_IRQHandler                        0x08014dcd   Thumb Code    10  usbh_usr.o(.text)
    USBH_USR_Init                            0x08014dd7   Thumb Code    34  usbh_usr.o(.text)
    USBH_USR_DeviceAttached                  0x08014df9   Thumb Code    10  usbh_usr.o(.text)
    USBH_USR_UnrecoveredError                0x08014e03   Thumb Code    10  usbh_usr.o(.text)
    USBH_USR_DeviceDisconnected              0x08014e0d   Thumb Code    10  usbh_usr.o(.text)
    USBH_USR_ResetDevice                     0x08014e17   Thumb Code    10  usbh_usr.o(.text)
    USBH_USR_DeviceSpeedDetected             0x08014e21   Thumb Code    46  usbh_usr.o(.text)
    USBH_USR_Device_DescAvailable            0x08014e4f   Thumb Code    24  usbh_usr.o(.text)
    USBH_USR_DeviceAddressAssigned           0x08014e67   Thumb Code     2  usbh_usr.o(.text)
    USBH_USR_Configuration_DescAvailable     0x08014e69   Thumb Code    42  usbh_usr.o(.text)
    USBH_USR_Manufacturer_String             0x08014e93   Thumb Code    14  usbh_usr.o(.text)
    USBH_USR_Product_String                  0x08014ea1   Thumb Code    14  usbh_usr.o(.text)
    USBH_USR_SerialNum_String                0x08014eaf   Thumb Code    14  usbh_usr.o(.text)
    USBH_USR_EnumerationDone                 0x08014ebd   Thumb Code    10  usbh_usr.o(.text)
    USBH_USR_DeviceNotSupported              0x08014ec7   Thumb Code    10  usbh_usr.o(.text)
    USBH_USR_UserInput                       0x08014ed1   Thumb Code     4  usbh_usr.o(.text)
    USBH_USR_OverCurrentDetected             0x08014ed5   Thumb Code    10  usbh_usr.o(.text)
    USBH_USR_MSC_Application                 0x08014edf   Thumb Code     4  usbh_usr.o(.text)
    USBH_USR_DeInit                          0x08014ee3   Thumb Code     2  usbh_usr.o(.text)
    USBH_Disk_Read                           0x08014ee5   Thumb Code    72  usbh_usr.o(.text)
    USBH_Disk_Write                          0x08014f2d   Thumb Code    74  usbh_usr.o(.text)
    __aeabi_memcpy                           0x080150bd   Thumb Code    36  memcpya.o(.text)
    __aeabi_memcpy4                          0x080150bd   Thumb Code     0  memcpya.o(.text)
    __aeabi_memcpy8                          0x080150bd   Thumb Code     0  memcpya.o(.text)
    strlen                                   0x080150e1   Thumb Code    14  strlen.o(.text)
    strcmp                                   0x080150ef   Thumb Code    28  strcmp.o(.text)
    strcpy                                   0x0801510b   Thumb Code    18  strcpy.o(.text)
    atoi                                     0x0801511d   Thumb Code    26  atoi.o(.text)
    __aeabi_dmul                             0x08015137   Thumb Code   228  dmul.o(.text)
    __aeabi_ddiv                             0x0801521b   Thumb Code   222  ddiv.o(.text)
    __aeabi_d2iz                             0x080152f9   Thumb Code    62  dfixi.o(.text)
    __aeabi_f2d                              0x08015337   Thumb Code    38  f2d.o(.text)
    __aeabi_d2f                              0x0801535d   Thumb Code    56  d2f.o(.text)
    __aeabi_uidiv                            0x08015395   Thumb Code     0  uidiv.o(.text)
    __aeabi_uidivmod                         0x08015395   Thumb Code    44  uidiv.o(.text)
    __aeabi_uldivmod                         0x080153c1   Thumb Code    98  uldiv.o(.text)
    __aeabi_llsr                             0x08015423   Thumb Code    32  llushr.o(.text)
    _ll_ushift_r                             0x08015423   Thumb Code     0  llushr.o(.text)
    __strtod_int                             0x0801547b   Thumb Code    88  strtod.o(.text)
    strtol                                   0x080154e1   Thumb Code   112  strtol.o(.text)
    __I$use$fp                               0x08015551   Thumb Code     0  iusefp.o(.text)
    _float_round                             0x08015551   Thumb Code    18  fepilogue.o(.text)
    _float_epilogue                          0x08015563   Thumb Code    92  fepilogue.o(.text)
    _double_round                            0x080155bf   Thumb Code    30  depilogue.o(.text)
    _double_epilogue                         0x080155dd   Thumb Code   156  depilogue.o(.text)
    __aeabi_dadd                             0x08015679   Thumb Code   322  dadd.o(.text)
    __aeabi_dsub                             0x080157bb   Thumb Code     6  dadd.o(.text)
    __aeabi_drsub                            0x080157c1   Thumb Code     6  dadd.o(.text)
    __aeabi_d2ulz                            0x080157c7   Thumb Code    48  dfixul.o(.text)
    __aeabi_cdrcmple                         0x080157f9   Thumb Code    48  cdrcmple.o(.text)
    __scatterload                            0x08015829   Thumb Code    28  init.o(.text)
    __scatterload_rt2                        0x08015829   Thumb Code     0  init.o(.text)
    __aeabi_llsl                             0x0801584d   Thumb Code    30  llshl.o(.text)
    _ll_shift_l                              0x0801584d   Thumb Code     0  llshl.o(.text)
    __aeabi_lasr                             0x0801586b   Thumb Code    36  llsshr.o(.text)
    _ll_sshift_r                             0x0801586b   Thumb Code     0  llsshr.o(.text)
    __rt_ctype_table                         0x08015891   Thumb Code     4  ctype_o.o(.text)
    isspace                                  0x08015899   Thumb Code    18  isspace_o.o(.text)
    _scanf_real                              0x080159ad   Thumb Code     0  scanf_fp.o(.text)
    _scanf_really_real                       0x080159ad   Thumb Code   556  scanf_fp.o(.text)
    _sgetc                                   0x08015be5   Thumb Code    30  _sgetc.o(.text)
    _sbackspace                              0x08015c03   Thumb Code    34  _sgetc.o(.text)
    _strtoul                                 0x08015c25   Thumb Code   158  _strtoul.o(.text)
    _chval                                   0x08015cc3   Thumb Code    28  _chval.o(.text)
    __aeabi_ul2d                             0x08015cdf   Thumb Code    24  dfltul.o(.text)
    __decompress                             0x08015cf7   Thumb Code     0  __dclz77c.o(.text)
    __decompress2                            0x08015cf7   Thumb Code    94  __dclz77c.o(.text)
    __0printf                                0x08015d55   Thumb Code    22  printfa.o(i.__0printf)
    __1printf                                0x08015d55   Thumb Code     0  printfa.o(i.__0printf)
    __2printf                                0x08015d55   Thumb Code     0  printfa.o(i.__0printf)
    __c89printf                              0x08015d55   Thumb Code     0  printfa.o(i.__0printf)
    printf                                   0x08015d55   Thumb Code     0  printfa.o(i.__0printf)
    __0sprintf                               0x08015d75   Thumb Code    34  printfa.o(i.__0sprintf)
    __1sprintf                               0x08015d75   Thumb Code     0  printfa.o(i.__0sprintf)
    __2sprintf                               0x08015d75   Thumb Code     0  printfa.o(i.__0sprintf)
    __c89sprintf                             0x08015d75   Thumb Code     0  printfa.o(i.__0sprintf)
    sprintf                                  0x08015d75   Thumb Code     0  printfa.o(i.__0sprintf)
    __aeabi_errno_addr                       0x08015d9d   Thumb Code     4  errno.o(i.__aeabi_errno_addr)
    __rt_errno_addr                          0x08015d9d   Thumb Code     0  errno.o(i.__aeabi_errno_addr)
    __hardfp_atof                            0x08015da9   Thumb Code    44  atof.o(i.__hardfp_atof)
    __read_errno                             0x08015de1   Thumb Code     6  errno.o(i.__read_errno)
    __scatterload_copy                       0x08015ded   Thumb Code    14  handlers.o(i.__scatterload_copy)
    __scatterload_null                       0x08015dfb   Thumb Code     2  handlers.o(i.__scatterload_null)
    __scatterload_zeroinit                   0x08015dfd   Thumb Code    14  handlers.o(i.__scatterload_zeroinit)
    __set_errno                              0x08015e0d   Thumb Code     6  errno.o(i.__set_errno)
    _is_digit                                0x08015f7d   Thumb Code    14  scanf_fp.o(i._is_digit)
    free                                     0x080166c5   Thumb Code    76  malloc.o(i.free)
    malloc                                   0x08016715   Thumb Code    92  malloc.o(i.malloc)
    s_CRCHi                                  0x0801678a   Data         256  moter.o(.constdata)
    s_CRCLo                                  0x0801688a   Data         256  moter.o(.constdata)
    OSUnMapTbl                               0x080169c0   Data         256  os_core.o(.constdata)
    MSG_HOST_INIT                            0x080417c2   Data          29  usbh_usr.o(.constdata)
    MSG_DEV_ATTACHED                         0x080417df   Data          21  usbh_usr.o(.constdata)
    MSG_DEV_DISCONNECTED                     0x080417f4   Data          24  usbh_usr.o(.constdata)
    MSG_DEV_ENUMERATED                       0x0804180c   Data          27  usbh_usr.o(.constdata)
    MSG_DEV_HIGHSPEED                        0x08041827   Data          31  usbh_usr.o(.constdata)
    MSG_DEV_FULLSPEED                        0x08041846   Data          31  usbh_usr.o(.constdata)
    MSG_DEV_LOWSPEED                         0x08041865   Data          30  usbh_usr.o(.constdata)
    MSG_DEV_ERROR                            0x08041883   Data          18  usbh_usr.o(.constdata)
    MSG_MSC_CLASS                            0x08041895   Data          34  usbh_usr.o(.constdata)
    MSG_HID_CLASS                            0x080418b7   Data          25  usbh_usr.o(.constdata)
    MSG_DISK_SIZE                            0x080418d0   Data          33  usbh_usr.o(.constdata)
    MSG_LUN                                  0x080418f1   Data          33  usbh_usr.o(.constdata)
    MSG_ROOT_CONT                            0x08041912   Data          29  usbh_usr.o(.constdata)
    MSG_WR_PROTECT                           0x0804192f   Data          32  usbh_usr.o(.constdata)
    MSG_UNREC_ERROR                          0x0804194f   Data          28  usbh_usr.o(.constdata)
    __ctype_table                            0x0804196b   Data         129  ctype_o.o(.constdata)
    Region$$Table$$Base                      0x080419f0   Number         0  anon$$obj.o(Region$$Table)
    Region$$Table$$Limit                     0x08041a10   Number         0  anon$$obj.o(Region$$Table)
    com                                      0x20000200   Data           1  serial_cmd.o(.data)
    lin                                      0x20000201   Data           8  serial_cmd.o(.data)
    R_data                                   0x20000410   Data           2  temperature.o(.data)
    TEMP_25                                  0x20000414   Data           4  temperature.o(.data)
    TEMP_70                                  0x20000418   Data           4  temperature.o(.data)
    TEMP_10                                  0x2000041c   Data           4  temperature.o(.data)
    TEMP_Indev                               0x20000420   Data           4  temperature.o(.data)
    TEMP                                     0x20000424   Data           4  temperature.o(.data)
    Fault                                    0x20000428   Data           2  temperature.o(.data)
    Temp_Contr_time                          0x2000042c   Data           4  temperature.o(.data)
    res_sd                                   0x20000638   Data           1  fatfs.o(.data)
    fnum                                     0x2000063c   Data           4  fatfs.o(.data)
    fnum_read                                0x20000640   Data           4  fatfs.o(.data)
    fnum_write                               0x20000644   Data           4  fatfs.o(.data)
    WriteBuffer                              0x20000648   Data         157  fatfs.o(.data)
    data_name                                0x200006e5   Data          13  fatfs.o(.data)
    log_time                                 0x200006f2   Data          27  fatfs.o(.data)
    test_name1                               0x2000070d   Data          13  fatfs.o(.data)
    cmd                                      0x2000071a   Data           1  fatfs.o(.data)
    Capacity                                 0x2000071c   Data           4  fatfs.o(.data)
    referlin                                 0x20000720   Data           8  fatfs.o(.data)
    erasrlin                                 0x20000728   Data           7  fatfs.o(.data)
    Usart4Serial_Command                     0x20000730   Data           4  getcommend.o(.data)
    COM1_command_data_length                 0x20000734   Data           4  getcommend.o(.data)
    gettime                                  0x20000758   Data           7  dgus.o(.data)
    auto_time_day                            0x2000075f   Data           6  dgus.o(.data)
    list_num                                 0x20000768   Data           1  dgus.o(.data)
    levi_2043e                               0x2000097a   Data           4  beionfluid_s60.o(.data)
    Action                                   0x2000097e   Data           8  beionfluid_s60.o(.data)
    Stop                                     0x20000986   Data           8  beionfluid_s60.o(.data)
    empty_L                                  0x2000098e   Data           8  beionfluid_s60.o(.data)
    empty_R                                  0x20000996   Data           8  beionfluid_s60.o(.data)
    Parameter_set                            0x2000099e   Data          27  beionfluid_s60.o(.data)
    usart_irq_num                            0x200009bc   Data           4  usart.o(.data)
    usart_irq_num2                           0x200009c0   Data           4  usart.o(.data)
    utc_valid                                0x200009dc   Data           1  gps.o(.data)
    utc_valid_old                            0x200009dd   Data           1  gps.o(.data)
    gps_time                                 0x200009de   Data           8  gps.o(.data)
    gps_time_changed                         0x200009e6   Data           1  gps.o(.data)
    gps_1pps_lock_time                       0x200009e8   Data           4  gps.o(.data)
    gps_1pps_unlock_time                     0x200009ec   Data           4  gps.o(.data)
    display_satellite_cn                     0x200009f0   Data           4  gps.o(.data)
    gps_satellite_in_view                    0x200009f4   Data           4  gps.o(.data)
    SystemCoreClock                          0x20000a0c   Data           4  system_stm32f4xx.o(.data)
    AHBPrescTable                            0x20000a10   Data          16  system_stm32f4xx.o(.data)
    OSCtxSwCtr                               0x20000a20   Data           4  os_core.o(.data)
    OSEventFreeList                          0x20000a24   Data           4  os_core.o(.data)
    OSFlagFreeList                           0x20000a28   Data           4  os_core.o(.data)
    OSCPUUsage                               0x20000a2c   Data           1  os_core.o(.data)
    OSIdleCtrMax                             0x20000a30   Data           4  os_core.o(.data)
    OSIdleCtrRun                             0x20000a34   Data           4  os_core.o(.data)
    OSStatRdy                                0x20000a38   Data           1  os_core.o(.data)
    OSIntNesting                             0x20000a39   Data           1  os_core.o(.data)
    OSLockNesting                            0x20000a3a   Data           1  os_core.o(.data)
    OSPrioCur                                0x20000a3b   Data           1  os_core.o(.data)
    OSPrioHighRdy                            0x20000a3c   Data           1  os_core.o(.data)
    OSRdyGrp                                 0x20000a3d   Data           1  os_core.o(.data)
    OSRdyTbl                                 0x20000a3e   Data           8  os_core.o(.data)
    OSRunning                                0x20000a46   Data           1  os_core.o(.data)
    OSTaskCtr                                0x20000a47   Data           1  os_core.o(.data)
    OSIdleCtr                                0x20000a48   Data           4  os_core.o(.data)
    OSTCBCur                                 0x20000a4c   Data           4  os_core.o(.data)
    OSTCBFreeList                            0x20000a50   Data           4  os_core.o(.data)
    OSTCBHighRdy                             0x20000a54   Data           4  os_core.o(.data)
    OSTCBList                                0x20000a58   Data           4  os_core.o(.data)
    OSTickStepState                          0x20000a5c   Data           1  os_core.o(.data)
    OSMemFreeList                            0x20000a60   Data           4  os_core.o(.data)
    OSQFreeList                              0x20000a64   Data           4  os_core.o(.data)
    OSTime                                   0x20000a68   Data           4  os_core.o(.data)
    OSTmrFree                                0x20000a6c   Data           2  os_core.o(.data)
    OSTmrUsed                                0x20000a6e   Data           2  os_core.o(.data)
    OSTmrTime                                0x20000a70   Data           4  os_core.o(.data)
    OSTmrSem                                 0x20000a74   Data           4  os_core.o(.data)
    OSTmrSemSignal                           0x20000a78   Data           4  os_core.o(.data)
    OSTmrFreeList                            0x20000a7c   Data           4  os_core.o(.data)
    SD_Type                                  0x20000a82   Data           1  spi_sd_driver.o(.data)
    MSC_Setup                                0x20000a88   Data           8  usbh_msc_core.o(.data)
    MSCErrorCount                            0x20000a90   Data           1  usbh_msc_core.o(.data)
    USBH_MSC_cb                              0x20000a94   Data          16  usbh_msc_core.o(.data)
    USBH_HCD_INT_cb                          0x20000ac0   Data          12  usbh_core.o(.data)
    USBH_HCD_INT_fops                        0x20000acc   Data           4  usbh_core.o(.data)
    USR_cb                                   0x20000ad4   Data          72  usbh_usr.o(.data)
    __stdout                                 0x20000b20   Data           4  stdout.o(.data)
    __microlib_freelist                      0x20000b24   Data           4  mvars.o(.data)
    __microlib_freelist_initialised          0x20000b28   Data           4  mvars.o(.data)
    Stk_Task_Temp                            0x20001210   Data        1120  app.o(.bss)
    Stk_Task_Dugs                            0x20001670   Data         640  app.o(.bss)
    Stk_Task_Auto_Hand                       0x200018f0   Data         640  app.o(.bss)
    Stk_Task_Fatfs_Test                      0x20001b70   Data        4800  app.o(.bss)
    Stk_Task_Test                            0x20002e30   Data         800  app.o(.bss)
    StackBytes                               0x20003150   Data          64  app.o(.bss)
    Alic1                                    0x20003190   Data          36  serial_cmd.o(.bss)
    startup_task_stk                         0x200031b4   Data        1600  main.o(.bss)
    Temperature_filter1                      0x200037f4   Data          32  filter.o(.bss)
    Temperature_filter2                      0x20003814   Data          32  filter.o(.bss)
    Temperature_filter3                      0x20003834   Data          32  filter.o(.bss)
    Temperature_filter4                      0x20003854   Data          32  filter.o(.bss)
    Temperature_filter1_data                 0x20003874   Data          20  filter.o(.bss)
    Temperature_filter2_data                 0x20003888   Data          20  filter.o(.bss)
    Temperature_filter3_data                 0x2000389c   Data          20  filter.o(.bss)
    Temperature_filter4_data                 0x200038b0   Data          20  filter.o(.bss)
    Alicat_filter1                           0x200038c4   Data          32  filter.o(.bss)
    Alicat_filter1_data                      0x200038e4   Data         400  filter.o(.bss)
    AD_filter6                               0x20003a74   Data          32  filter.o(.bss)
    AD_filter7                               0x20003a94   Data          32  filter.o(.bss)
    AD_filter6_data                          0x20003ab4   Data        4800  filter.o(.bss)
    AD_filter7_data                          0x20004d74   Data         400  filter.o(.bss)
    g_tModS                                  0x20004f04   Data         163  moter.o(.bss)
    g_tVar                                   0x20004fa8   Data          28  moter.o(.bss)
    g_TestBuf                                0x20004fc4   Data        4096  fatfs.o(.bss)
    fs                                       0x20005fc4   Data        1704  fatfs.o(.bss)
    fnew                                     0x2000666c   Data        1656  fatfs.o(.bss)
    ReadBuffer                               0x20006ce4   Data        1024  fatfs.o(.bss)
    ReadBuffer2                              0x200070e4   Data         100  fatfs.o(.bss)
    CID                                      0x20007148   Data          20  fatfs.o(.bss)
    CSD                                      0x2000715c   Data          20  fatfs.o(.bss)
    model4001                                0x20007170   Data         436  dgus.o(.bss)
    model_1006                               0x20007324   Data         384  dgus.o(.bss)
    g_tUart1                                 0x200074a4   Data          40  usart.o(.bss)
    g_TxBuf1                                 0x200074cc   Data         512  usart.o(.bss)
    g_RxBuf1                                 0x200076cc   Data         512  usart.o(.bss)
    Uart1_command                            0x200078cc   Data         201  usart.o(.bss)
    g_tUart2                                 0x20007998   Data          40  usart.o(.bss)
    g_TxBuf2                                 0x200079c0   Data         512  usart.o(.bss)
    g_RxBuf2                                 0x20007bc0   Data         512  usart.o(.bss)
    Uart2_command                            0x20007dc0   Data         101  usart.o(.bss)
    g_tUart3                                 0x20007e28   Data          40  usart.o(.bss)
    g_TxBuf3                                 0x20007e50   Data         512  usart.o(.bss)
    g_RxBuf3                                 0x20008050   Data         512  usart.o(.bss)
    Uart3_command                            0x20008250   Data          12  usart.o(.bss)
    g_tUart4                                 0x2000825c   Data          40  usart.o(.bss)
    g_TxBuf4                                 0x20008284   Data         512  usart.o(.bss)
    g_RxBuf4                                 0x20008484   Data         512  usart.o(.bss)
    Uart4_command                            0x20008684   Data          51  usart.o(.bss)
    g_tUart6                                 0x200086b8   Data          40  usart.o(.bss)
    g_TxBuf6                                 0x200086e0   Data         512  usart.o(.bss)
    g_RxBuf6                                 0x200088e0   Data         512  usart.o(.bss)
    Uart6_command                            0x20008ae0   Data         101  usart.o(.bss)
    GPS_serial_command_word                  0x20008b48   Data         100  gps.o(.bss)
    gps_position                             0x20008bac   Data          48  gps.o(.bss)
    nmea_field                               0x20008bdc   Data         120  gps.o(.bss)
    sat_vis_cn                               0x20008c54   Data          24  gps.o(.bss)
    sat_vis_id                               0x20008c6c   Data          24  gps.o(.bss)
    lut                                      0x20008c84   Data        8192  ftl.o(.bss)
    nand_dev                                 0x2000ac84   Data          92  nand.o(.bss)
    OSEventTbl                               0x2000ace0   Data         240  os_core.o(.bss)
    OSFlagTbl                                0x2000add0   Data          80  os_core.o(.bss)
    OSTaskStatStk                            0x2000ae20   Data         512  os_core.o(.bss)
    OSTaskIdleStk                            0x2000b020   Data         512  os_core.o(.bss)
    OSTCBPrioTbl                             0x2000b220   Data         256  os_core.o(.bss)
    OSTCBTbl                                 0x2000b320   Data        1936  os_core.o(.bss)
    OSMemTbl                                 0x2000bab0   Data         120  os_core.o(.bss)
    OSQTbl                                   0x2000bb28   Data          96  os_core.o(.bss)
    OSTmrTbl                                 0x2000bb88   Data         640  os_core.o(.bss)
    OSTmrTaskStk                             0x2000be08   Data         512  os_core.o(.bss)
    OSTmrWheelTbl                            0x2000c008   Data          64  os_core.o(.bss)
    USBH_MSC_Param                           0x2000c078   Data          16  usbh_msc_scsi.o(.bss)
    USBH_DataInBuffer                        0x2000c088   Data         512  usbh_msc_scsi.o(.bss)
    USBH_DataOutBuffer                       0x2000c288   Data         512  usbh_msc_scsi.o(.bss)
    MSC_Machine                              0x2000c488   Data          74  usbh_msc_core.o(.bss)
    USBH_MSC_CBWData                         0x2000c4d4   Data          32  usbh_msc_bot.o(.bss)
    USBH_MSC_CSWData                         0x2000c4f4   Data          16  usbh_msc_bot.o(.bss)
    USBH_MSC_BOTXferParam                    0x2000c504   Data          16  usbh_msc_bot.o(.bss)
    USBH_CfgDesc                             0x2000c514   Data         512  usbh_stdreq.o(.bss)
    USB_OTG_Core                             0x2000c714   Data        1452  usbh_usr.o(.bss)
    USB_Host                                 0x2000ccc0   Data         132  usbh_usr.o(.bss)
    __heap_base                              0x2000cd48   Data           0  startup_stm32f4xx.o(HEAP)
    __heap_limit                             0x2000cf48   Data           0  startup_stm32f4xx.o(HEAP)
    __initial_sp                             0x2000d348   Data           0  startup_stm32f4xx.o(STACK)



==============================================================================

Memory Map of the image

  Image Entry point : 0x08000189

  Load Region LR_IROM1 (Base: 0x08000000, Size: 0x00042540, Max: 0x00100000, ABSOLUTE, COMPRESSED[0x00041cc4])

    Execution Region ER_IROM1 (Base: 0x08000000, Size: 0x00041a10, Max: 0x00100000, ABSOLUTE)

    Base Addr    Size         Type   Attr      Idx    E Section Name        Object

    0x08000000   0x00000188   Data   RO         1429    RESET               startup_stm32f4xx.o
    0x08000188   0x00000000   Code   RO         1944  * .ARM.Collect$$$$00000000  mc_w.l(entry.o)
    0x08000188   0x00000004   Code   RO         2262    .ARM.Collect$$$$00000001  mc_w.l(entry2.o)
    0x0800018c   0x00000004   Code   RO         2265    .ARM.Collect$$$$00000004  mc_w.l(entry5.o)
    0x08000190   0x00000000   Code   RO         2267    .ARM.Collect$$$$00000008  mc_w.l(entry7b.o)
    0x08000190   0x00000000   Code   RO         2269    .ARM.Collect$$$$0000000A  mc_w.l(entry8b.o)
    0x08000190   0x00000008   Code   RO         2270    .ARM.Collect$$$$0000000B  mc_w.l(entry9a.o)
    0x08000198   0x00000000   Code   RO         2272    .ARM.Collect$$$$0000000D  mc_w.l(entry10a.o)
    0x08000198   0x00000000   Code   RO         2274    .ARM.Collect$$$$0000000F  mc_w.l(entry11a.o)
    0x08000198   0x00000004   Code   RO         2263    .ARM.Collect$$$$00002712  mc_w.l(entry2.o)
    0x0800019c   0x00000200   Code   RO            2    .text               app.o
    0x0800039c   0x00000cb8   Code   RO          220    .text               serial_cmd.o
    0x08001054   0x0000008c   Code   RO          267    .text               crc.o
    0x080010e0   0x0000002c   Code   RO          285    .text               main.o
    0x0800110c   0x00000280   Code   RO          303    .text               filter.o
    0x0800138c   0x00000508   Code   RO          417    .text               moter.o
    0x08001894   0x000010a8   Code   RO          441    .text               fatfs.o
    0x0800293c   0x00000400   Code   RO          467    .text               getcommend.o
    0x08002d3c   0x00001a20   Code   RO          486    .text               dgus.o
    0x0800475c   0x0000031c   Code   RO          511    .text               beionfluid_s60.o
    0x08004a78   0x00000020   Code   RO          533    .text               ry_wsy301.o
    0x08004a98   0x00000058   Code   RO          552    .text               stm32f4xx_it.o
    0x08004af0   0x00000032   Code   RO          657    .text               nvic.o
    0x08004b22   0x00000002   PAD
    0x08004b24   0x00000074   Code   RO          673    .text               bsp_global.o
    0x08004b98   0x0000079c   Code   RO          693    .text               usart.o
    0x08005334   0x00000054   Code   RO          719    .text               led.o
    0x08005388   0x00000050   Code   RO          745    .text               rs485.o
    0x080053d8   0x00000714   Code   RO          761    .text               spi.o
    0x08005aec   0x0000043c   Code   RO          781    .text               time.o
    0x08005f28   0x00000068   Code   RO          824    .text               io.o
    0x08005f90   0x00000808   Code   RO          839    .text               gps.o
    0x08006798   0x000009a0   Code   RO          871    .text               ftl.o
    0x08007138   0x00000c9c   Code   RO          891    .text               nand.o
    0x08007dd4   0x000000e0   Code   RO          930    .text               misc.o
    0x08007eb4   0x0000011c   Code   RO         1122    .text               stm32f4xx_exti.o
    0x08007fd0   0x0000025c   Code   RO         1154    .text               stm32f4xx_gpio.o
    0x0800822c   0x00000608   Code   RO         1234    .text               stm32f4xx_fsmc.o
    0x08008834   0x00000588   Code   RO         1282    .text               stm32f4xx_rcc.o
    0x08008dbc   0x000003f8   Code   RO         1348    .text               stm32f4xx_spi.o
    0x080091b4   0x00000ca2   Code   RO         1380    .text               stm32f4xx_tim.o
    0x08009e56   0x00000002   PAD
    0x08009e58   0x0000041a   Code   RO         1396    .text               stm32f4xx_usart.o
    0x0800a272   0x00000002   PAD
    0x0800a274   0x00000024   Code   RO         1430    .text               startup_stm32f4xx.o
    0x0800a298   0x00000210   Code   RO         1435    .text               system_stm32f4xx.o
    0x0800a4a8   0x00000cc0   Code   RO         1456    .text               os_core.o
    0x0800b168   0x000007fc   Code   RO         1476    .text               os_flag.o
    0x0800b964   0x000001d4   Code   RO         1500    .text               os_mem.o
    0x0800bb38   0x000005e4   Code   RO         1524    .text               os_q.o
    0x0800c11c   0x000003a8   Code   RO         1536    .text               os_sem.o
    0x0800c4c4   0x00000828   Code   RO         1548    .text               os_task.o
    0x0800ccec   0x00000198   Code   RO         1560    .text               os_time.o
    0x0800ce84   0x00000658   Code   RO         1572    .text               os_tmr.o
    0x0800d4dc   0x00000170   Code   RO         1585    .text               os_cpu_c.o
    0x0800d64c   0x000000c4   Code   RO         1614    .text               os_cpu_a.o
    0x0800d710   0x00000288   Code   RO         1618    .text               diskio.o
    0x0800d998   0x000008b0   Code   RO         1634    .text               spi_sd_driver.o
    0x0800e248   0x0000328e   Code   RO         1652    .text               ff.o
    0x080114d6   0x00000002   PAD
    0x080114d8   0x000000b4   Code   RO         1674    .text               cc936.o
    0x0801158c   0x000004f4   Code   RO         1701    .text               usbh_msc_scsi.o
    0x08011a80   0x0000034c   Code   RO         1724    .text               usbh_msc_core.o
    0x08011dcc   0x00000454   Code   RO         1747    .text               usbh_msc_bot.o
    0x08012220   0x000003d8   Code   RO         1770    .text               usbh_stdreq.o
    0x080125f8   0x000003a8   Code   RO         1793    .text               usbh_ioreq.o
    0x080129a0   0x00000186   Code   RO         1809    .text               usbh_hcs.o
    0x08012b26   0x00000002   PAD
    0x08012b28   0x00000666   Code   RO         1825    .text               usbh_core.o
    0x0801318e   0x00000002   PAD
    0x08013190   0x00000e74   Code   RO         1847    .text               usb_hcd_int.o
    0x08014004   0x000000e4   Code   RO         1863    .text               usb_hcd.o
    0x080140e8   0x00000c2a   Code   RO         1879    .text               usb_core.o
    0x08014d12   0x00000002   PAD
    0x08014d14   0x000000b8   Code   RO         1895    .text               usb_bsp.o
    0x08014dcc   0x000002f0   Code   RO         1914    .text               usbh_usr.o
    0x080150bc   0x00000024   Code   RO         1947    .text               mc_w.l(memcpya.o)
    0x080150e0   0x0000000e   Code   RO         1949    .text               mc_w.l(strlen.o)
    0x080150ee   0x0000001c   Code   RO         1951    .text               mc_w.l(strcmp.o)
    0x0801510a   0x00000012   Code   RO         1953    .text               mc_w.l(strcpy.o)
    0x0801511c   0x0000001a   Code   RO         2246    .text               mc_w.l(atoi.o)
    0x08015136   0x000000e4   Code   RO         2248    .text               mf_w.l(dmul.o)
    0x0801521a   0x000000de   Code   RO         2250    .text               mf_w.l(ddiv.o)
    0x080152f8   0x0000003e   Code   RO         2256    .text               mf_w.l(dfixi.o)
    0x08015336   0x00000026   Code   RO         2258    .text               mf_w.l(f2d.o)
    0x0801535c   0x00000038   Code   RO         2260    .text               mf_w.l(d2f.o)
    0x08015394   0x0000002c   Code   RO         2277    .text               mc_w.l(uidiv.o)
    0x080153c0   0x00000062   Code   RO         2279    .text               mc_w.l(uldiv.o)
    0x08015422   0x00000020   Code   RO         2281    .text               mc_w.l(llushr.o)
    0x08015442   0x00000002   PAD
    0x08015444   0x0000009c   Code   RO         2292    .text               mc_w.l(strtod.o)
    0x080154e0   0x00000070   Code   RO         2294    .text               mc_w.l(strtol.o)
    0x08015550   0x00000000   Code   RO         2296    .text               mc_w.l(iusefp.o)
    0x08015550   0x0000006e   Code   RO         2297    .text               mf_w.l(fepilogue.o)
    0x080155be   0x000000ba   Code   RO         2299    .text               mf_w.l(depilogue.o)
    0x08015678   0x0000014e   Code   RO         2301    .text               mf_w.l(dadd.o)
    0x080157c6   0x00000030   Code   RO         2303    .text               mf_w.l(dfixul.o)
    0x080157f6   0x00000002   PAD
    0x080157f8   0x00000030   Code   RO         2305    .text               mf_w.l(cdrcmple.o)
    0x08015828   0x00000024   Code   RO         2307    .text               mc_w.l(init.o)
    0x0801584c   0x0000001e   Code   RO         2309    .text               mc_w.l(llshl.o)
    0x0801586a   0x00000024   Code   RO         2311    .text               mc_w.l(llsshr.o)
    0x0801588e   0x00000002   PAD
    0x08015890   0x00000008   Code   RO         2315    .text               mc_w.l(ctype_o.o)
    0x08015898   0x00000012   Code   RO         2337    .text               mc_w.l(isspace_o.o)
    0x080158aa   0x00000002   PAD
    0x080158ac   0x00000338   Code   RO         2343    .text               mc_w.l(scanf_fp.o)
    0x08015be4   0x00000040   Code   RO         2347    .text               mc_w.l(_sgetc.o)
    0x08015c24   0x0000009e   Code   RO         2349    .text               mc_w.l(_strtoul.o)
    0x08015cc2   0x0000001c   Code   RO         2354    .text               mc_w.l(_chval.o)
    0x08015cde   0x00000018   Code   RO         2356    .text               mf_w.l(dfltul.o)
    0x08015cf6   0x0000005e   Code   RO         2366    .text               mc_w.l(__dclz77c.o)
    0x08015d54   0x00000020   Code   RO         2190    i.__0printf         mc_w.l(printfa.o)
    0x08015d74   0x00000028   Code   RO         2192    i.__0sprintf        mc_w.l(printfa.o)
    0x08015d9c   0x00000008   Code   RO         2285    i.__aeabi_errno_addr  mc_w.l(errno.o)
    0x08015da4   0x00000004   PAD
    0x08015da8   0x00000038   Code   RO         1938    i.__hardfp_atof     m_wm.l(atof.o)
    0x08015de0   0x0000000c   Code   RO         2286    i.__read_errno      mc_w.l(errno.o)
    0x08015dec   0x0000000e   Code   RO         2360    i.__scatterload_copy  mc_w.l(handlers.o)
    0x08015dfa   0x00000002   Code   RO         2361    i.__scatterload_null  mc_w.l(handlers.o)
    0x08015dfc   0x0000000e   Code   RO         2362    i.__scatterload_zeroinit  mc_w.l(handlers.o)
    0x08015e0a   0x00000002   PAD
    0x08015e0c   0x0000000c   Code   RO         2287    i.__set_errno       mc_w.l(errno.o)
    0x08015e18   0x00000164   Code   RO         2197    i._fp_digits        mc_w.l(printfa.o)
    0x08015f7c   0x0000000e   Code   RO         2345    i._is_digit         mc_w.l(scanf_fp.o)
    0x08015f8a   0x00000002   PAD
    0x08015f8c   0x000006dc   Code   RO         2198    i._printf_core      mc_w.l(printfa.o)
    0x08016668   0x00000024   Code   RO         2199    i._printf_post_padding  mc_w.l(printfa.o)
    0x0801668c   0x0000002e   Code   RO         2200    i._printf_pre_padding  mc_w.l(printfa.o)
    0x080166ba   0x0000000a   Code   RO         2202    i._sputc            mc_w.l(printfa.o)
    0x080166c4   0x00000050   Code   RO         2218    i.free              mc_w.l(malloc.o)
    0x08016714   0x0000006c   Code   RO         2219    i.malloc            mc_w.l(malloc.o)
    0x08016780   0x0000000a   Data   RO          222    .constdata          serial_cmd.o
    0x0801678a   0x00000200   Data   RO          419    .constdata          moter.o
    0x0801698a   0x00000002   PAD
    0x0801698c   0x00000034   Data   RO          841    .constdata          gps.o
    0x080169c0   0x00000100   Data   RO         1458    .constdata          os_core.o
    0x08016ac0   0x0000003a   Data   RO         1654    .constdata          ff.o
    0x08016afa   0x0002acc8   Data   RO         1675    .constdata          cc936.o
    0x080417c2   0x000001a9   Data   RO         1916    .constdata          usbh_usr.o
    0x0804196b   0x00000081   Data   RO         2316    .constdata          mc_w.l(ctype_o.o)
    0x080419ec   0x00000004   Data   RO         2317    .constdata          mc_w.l(ctype_o.o)
    0x080419f0   0x00000020   Data   RO         2358    Region$$Table       anon$$obj.o


    Execution Region RW_IRAM1 (Base: 0x20000000, Size: 0x0000d348, Max: 0x00020000, ABSOLUTE, COMPRESSED[0x000002b4])

    Base Addr    Size         Type   Attr      Idx    E Section Name        Object

    0x20000000   0x00000210   Data   RW          223    .data               serial_cmd.o
    0x20000210   0x00000200   Data   RW          268    .data               crc.o
    0x20000410   0x00000020   Data   RW          331    .data               temperature.o
    0x20000430   0x00000205   Data   RW          420    .data               moter.o
    0x20000635   0x00000003   PAD
    0x20000638   0x000000f7   Data   RW          443    .data               fatfs.o
    0x2000072f   0x00000001   PAD
    0x20000730   0x00000028   Data   RW          468    .data               getcommend.o
    0x20000758   0x00000021   Data   RW          488    .data               dgus.o
    0x20000779   0x00000001   PAD
    0x2000077a   0x0000023f   Data   RW          512    .data               beionfluid_s60.o
    0x200009b9   0x00000003   PAD
    0x200009bc   0x00000008   Data   RW          695    .data               usart.o
    0x200009c4   0x00000008   Data   RW          762    .data               spi.o
    0x200009cc   0x00000010   Data   RW          782    .data               time.o
    0x200009dc   0x0000001c   Data   RW          842    .data               gps.o
    0x200009f8   0x00000004   Data   RW          873    .data               ftl.o
    0x200009fc   0x00000010   Data   RW         1283    .data               stm32f4xx_rcc.o
    0x20000a0c   0x00000014   Data   RW         1436    .data               system_stm32f4xx.o
    0x20000a20   0x00000060   Data   RW         1459    .data               os_core.o
    0x20000a80   0x00000002   Data   RW         1586    .data               os_cpu_c.o
    0x20000a82   0x00000001   Data   RW         1635    .data               spi_sd_driver.o
    0x20000a83   0x00000001   PAD
    0x20000a84   0x00000003   Data   RW         1655    .data               ff.o
    0x20000a87   0x00000001   Data   RW         1703    .data               usbh_msc_scsi.o
    0x20000a88   0x0000001d   Data   RW         1726    .data               usbh_msc_core.o
    0x20000aa5   0x00000003   PAD
    0x20000aa8   0x00000011   Data   RW         1749    .data               usbh_msc_bot.o
    0x20000ab9   0x00000001   PAD
    0x20000aba   0x00000003   Data   RW         1772    .data               usbh_stdreq.o
    0x20000abd   0x00000003   PAD
    0x20000ac0   0x00000012   Data   RW         1826    .data               usbh_core.o
    0x20000ad2   0x00000002   PAD
    0x20000ad4   0x00000049   Data   RW         1917    .data               usbh_usr.o
    0x20000b1d   0x00000003   PAD
    0x20000b20   0x00000004   Data   RW         2276    .data               mc_w.l(stdout.o)
    0x20000b24   0x00000004   Data   RW         2283    .data               mc_w.l(mvars.o)
    0x20000b28   0x00000004   Data   RW         2284    .data               mc_w.l(mvars.o)
    0x20000b2c   0x00000004   Data   RW         2288    .data               mc_w.l(errno.o)
    0x20000b30   0x00002660   Zero   RW            3    .bss                app.o
    0x20003190   0x00000024   Zero   RW          221    .bss                serial_cmd.o
    0x200031b4   0x00000640   Zero   RW          286    .bss                main.o
    0x200037f4   0x00001710   Zero   RW          304    .bss                filter.o
    0x20004f04   0x000000c0   Zero   RW          418    .bss                moter.o
    0x20004fc4   0x000021ac   Zero   RW          442    .bss                fatfs.o
    0x20007170   0x00000334   Zero   RW          487    .bss                dgus.o
    0x200074a4   0x000016a1   Zero   RW          694    .bss                usart.o
    0x20008b45   0x00000003   PAD
    0x20008b48   0x0000013c   Zero   RW          840    .bss                gps.o
    0x20008c84   0x00002000   Zero   RW          872    .bss                ftl.o
    0x2000ac84   0x0000005c   Zero   RW          892    .bss                nand.o
    0x2000ace0   0x00001368   Zero   RW         1457    .bss                os_core.o
    0x2000c048   0x00000030   Zero   RW         1653    .bss                ff.o
    0x2000c078   0x00000410   Zero   RW         1702    .bss                usbh_msc_scsi.o
    0x2000c488   0x0000004a   Zero   RW         1725    .bss                usbh_msc_core.o
    0x2000c4d2   0x00000002   PAD
    0x2000c4d4   0x00000040   Zero   RW         1748    .bss                usbh_msc_bot.o
    0x2000c514   0x00000200   Zero   RW         1771    .bss                usbh_stdreq.o
    0x2000c714   0x00000630   Zero   RW         1915    .bss                usbh_usr.o
    0x2000cd44   0x00000004   PAD
    0x2000cd48   0x00000200   Zero   RW         1428    HEAP                startup_stm32f4xx.o
    0x2000cf48   0x00000400   Zero   RW         1427    STACK               startup_stm32f4xx.o


==============================================================================

Image component sizes


      Code (inc. data)   RO Data    RW Data    ZI Data      Debug   Object Name

       512         80          0          0       9824     297727   app.o
       796         40          0        575          0       2479   beionfluid_s60.o
       116         10          0          0          0      19054   bsp_global.o
       180         18     175304          0          0       2477   cc936.o
       140          8          0        512          0       1948   crc.o
      6688        250          0         33        820      14365   dgus.o
       648         18          0          0          0       3150   diskio.o
      4264        690          0        247       8620       4918   fatfs.o
     12942        136         58          3         48      36496   ff.o
       640         60          0          0       5904       5299   filter.o
      2464        242          0          4       8192       7618   ftl.o
      1024         76          0         40          0       3106   getcommend.o
      2056        290         52         28        316       7877   gps.o
       104          8          0          0          0        735   io.o
        84          4          0          0          0        596   led.o
        44         10          0          0       1600       1158   main.o
       224         20          0          0          0       1961   misc.o
      1288         56        512        517        192       6857   moter.o
      3228        208          0          0         92      10965   nand.o
        50          0          0          0          0        589   nvic.o
      3264        278        256         96       4968      20763   os_core.o
       196         32          0          0          0        356   os_cpu_a.o
       368         16          0          2          0       3955   os_cpu_c.o
      2044         40          0          0          0       7000   os_flag.o
       468         18          0          0          0       3216   os_mem.o
      1508         34          0          0          0       5633   os_q.o
       936         20          0          0          0       4018   os_sem.o
      2088         68          0          0          0       7829   os_task.o
       408         24          0          0          0       1850   os_time.o
      1624        134          0          0          0       5629   os_tmr.o
        80          6          0          0          0        847   rs485.o
        32         10          0          0          0        597   ry_wsy301.o
      3256        492         10        528         36       7247   serial_cmd.o
      1812         42          0          8          0       4721   spi.o
      2224         32          0          1          0       7269   spi_sd_driver.o
        36          8        392          0       1536        872   startup_stm32f4xx.o
       284         10          0          0          0       2439   stm32f4xx_exti.o
      1544         14          0          0          0       5547   stm32f4xx_fsmc.o
       604         36          0          0          0       4201   stm32f4xx_gpio.o
        88         10          0          0          0       1666   stm32f4xx_it.o
      1416         48          0         16          0      11155   stm32f4xx_rcc.o
      1016         22          0          0          0       6925   stm32f4xx_spi.o
      3234         60          0          0          0      22444   stm32f4xx_tim.o
      1050         26          0          0          0       7916   stm32f4xx_usart.o
       528         46          0         20          0       2047   system_stm32f4xx.o
         0          0          0         32          0      28767   temperature.o
      1084         50          0         16          0       3893   time.o
      1948        132          0          8       5793       9679   usart.o
       184          4          0          0          0       2603   usb_bsp.o
      3114         10          0          0          0      10178   usb_core.o
       228          0          0          0          0       3316   usb_hcd.o
      3700         10          0          0          0       6783   usb_hcd_int.o
      1638         44          0         18          0       6251   usbh_core.o
       390          0          0          0          0       2780   usbh_hcs.o
       936          0          0          0          0       4520   usbh_ioreq.o
      1108         68          0         17         64       5791   usbh_msc_bot.o
       844         28          0         29         74       4509   usbh_msc_core.o
      1268         40          0          1       1040       5458   usbh_msc_scsi.o
       984         12          0          3        512       6069   usbh_stdreq.o
       752        326        425         73       1584       6492   usbh_usr.o

    ----------------------------------------------------------------------
     85792       4474     177043       2848      51224     682606   Object Totals
         0          0         32          0          0          0   (incl. Generated)
        14          0          2         21          9          0   (incl. Padding)

    ----------------------------------------------------------------------

      Code (inc. data)   RO Data    RW Data    ZI Data      Debug   Library Member Name

        56         12          0          0          0        132   atof.o
        94          0          0          0          0          0   __dclz77c.o
        28          0          0          0          0         68   _chval.o
        64          0          0          0          0         84   _sgetc.o
       158          0          0          0          0         92   _strtoul.o
        26          0          0          0          0         80   atoi.o
         8          4        133          0          0         68   ctype_o.o
         0          0          0          0          0          0   entry.o
         0          0          0          0          0          0   entry10a.o
         0          0          0          0          0          0   entry11a.o
         8          4          0          0          0          0   entry2.o
         4          0          0          0          0          0   entry5.o
         0          0          0          0          0          0   entry7b.o
         0          0          0          0          0          0   entry8b.o
         8          4          0          0          0          0   entry9a.o
        32         16          0          4          0        204   errno.o
        30          0          0          0          0          0   handlers.o
        36          8          0          0          0         68   init.o
        18          0          0          0          0         76   isspace_o.o
         0          0          0          0          0          0   iusefp.o
        30          0          0          0          0         68   llshl.o
        36          0          0          0          0         68   llsshr.o
        32          0          0          0          0         68   llushr.o
       188         20          0          0          0        160   malloc.o
        36          0          0          0          0         68   memcpya.o
         0          0          0          8          0          0   mvars.o
      2276         96          0          0          0        596   printfa.o
       838         12          0          0          0        216   scanf_fp.o
         0          0          0          4          0          0   stdout.o
        28          0          0          0          0         76   strcmp.o
        18          0          0          0          0         68   strcpy.o
        14          0          0          0          0         68   strlen.o
       156         14          0          0          0        120   strtod.o
       112          0          0          0          0         88   strtol.o
        44          0          0          0          0         80   uidiv.o
        98          0          0          0          0         92   uldiv.o
        48          0          0          0          0         68   cdrcmple.o
        56          0          0          0          0         88   d2f.o
       334          0          0          0          0        148   dadd.o
       222          0          0          0          0        100   ddiv.o
       186          0          0          0          0        176   depilogue.o
        62          0          0          0          0         80   dfixi.o
        48          0          0          0          0         68   dfixul.o
        24          0          0          0          0         76   dfltul.o
       228          0          0          0          0         96   dmul.o
        38          0          0          0          0         68   f2d.o
       110          0          0          0          0        168   fepilogue.o

    ----------------------------------------------------------------------
      5848        194        133         16          0       3844   Library Totals
        16          4          0          0          0          0   (incl. Padding)

    ----------------------------------------------------------------------

      Code (inc. data)   RO Data    RW Data    ZI Data      Debug   Library Name

        56         12          0          0          0        132   m_wm.l
      4420        178        133         16          0       2576   mc_w.l
      1356          0          0          0          0       1136   mf_w.l

    ----------------------------------------------------------------------
      5848        194        133         16          0       3844   Library Totals

    ----------------------------------------------------------------------

==============================================================================


      Code (inc. data)   RO Data    RW Data    ZI Data      Debug   

     91640       4668     177176       2864      51224     672406   Grand Totals
     91640       4668     177176        692      51224     672406   ELF Image Totals (compressed)
     91640       4668     177176        692          0          0   ROM Totals

==============================================================================

    Total RO  Size (Code + RO Data)               268816 ( 262.52kB)
    Total RW  Size (RW Data + ZI Data)             54088 (  52.82kB)
    Total ROM Size (Code + RO Data + RW Data)     269508 ( 263.19kB)

==============================================================================

